
 Start         Length     Name                   Class
 0001:00401000 0008EDF4H .text                   CODE
 0002:00490000 00000930H .itext                  ICODE
 0003:00491000 00002014H .data                   DATA
 0004:00494000 00005E50H .bss                    BSS
 0005:00000000 00000034H .tls                    TLS


Detailed map of segments

 0001:00000000 00005AB5 C=CODE     S=.text    G=(none)   M=System   ACBP=A9
 0001:00005AB8 00000105 C=CODE     S=.text    G=(none)   M=SysInit  ACBP=A9
 0001:00005BC0 00000070 C=CODE     S=.text    G=(none)   M=Types    ACBP=A9
 0001:00005C30 00000D1C C=CODE     S=.text    G=(none)   M=Windows  ACBP=A9
 0001:0000694C 00000052 C=CODE     S=.text    G=(none)   M=ActiveX  ACBP=A9
 0001:000069A0 00000308 C=CODE     S=.text    G=(none)   M=SysConst ACBP=A9
 0001:00006CA8 00006CA5 C=CODE     S=.text    G=(none)   M=SysUtils ACBP=A9
 0001:0000D950 000007EE C=CODE     S=.text    G=(none)   M=VarUtils ACBP=A9
 0001:0000E140 00005A6C C=CODE     S=.text    G=(none)   M=Variants ACBP=A9
 0001:00013BAC 00000138 C=CODE     S=.text    G=(none)   M=RTLConsts ACBP=A9
 0001:00013CE4 000008DB C=CODE     S=.text    G=(none)   M=TypInfo  ACBP=A9
 0001:000145C0 0000A67D C=CODE     S=.text    G=(none)   M=Classes  ACBP=A9
 0001:0001EC40 00000191 C=CODE     S=.text    G=(none)   M=Contnrs  ACBP=A9
 0001:0001EDD4 0000125E C=CODE     S=.text    G=(none)   M=HelpIntfs ACBP=A9
 0001:00020034 00000772 C=CODE     S=.text    G=(none)   M=MultiMon ACBP=A9
 0001:000207A8 0000014A C=CODE     S=.text    G=(none)   M=CommCtrl ACBP=A9
 0001:000208F4 00000308 C=CODE     S=.text    G=(none)   M=Consts   ACBP=A9
 0001:00020BFC 00001169 C=CODE     S=.text    G=(none)   M=IniFiles ACBP=A9
 0001:00021D68 000005C5 C=CODE     S=.text    G=(none)   M=Registry ACBP=A9
 0001:00022330 00009102 C=CODE     S=.text    G=(none)   M=Graphics ACBP=A9
 0001:0002B434 0000016A C=CODE     S=.text    G=(none)   M=SyncObjs ACBP=A9
 0001:0002B5A0 00000BB9 C=CODE     S=.text    G=(none)   M=UxTheme  ACBP=A9
 0001:0002C15C 00000194 C=CODE     S=.text    G=(none)   M=DwmApi   ACBP=A9
 0001:0002C2F0 0000A701 C=CODE     S=.text    G=(none)   M=StdCtrls ACBP=A9
 0001:000369F4 0000003A C=CODE     S=.text    G=(none)   M=Printers ACBP=A9
 0001:00036A30 00000D76 C=CODE     S=.text    G=(none)   M=GraphUtil ACBP=A9
 0001:000377A8 000018CE C=CODE     S=.text    G=(none)   M=ExtCtrls ACBP=A9
 0001:00039078 000009E4 C=CODE     S=.text    G=(none)   M=Dialogs  ACBP=A9
 0001:00039A5C 0000064A C=CODE     S=.text    G=(none)   M=Clipbrd  ACBP=A9
 0001:0003A0A8 0000012D C=CODE     S=.text    G=(none)   M=StdActns ACBP=A9
 0001:0003A1D8 0000030E C=CODE     S=.text    G=(none)   M=FlatSB   ACBP=A9
 0001:0003A4E8 0000100A C=CODE     S=.text    G=(none)   M=Themes   ACBP=A9
 0001:0003B4F4 00006A81 C=CODE     S=.text    G=(none)   M=Menus    ACBP=A9
 0001:00041F78 000142C0 C=CODE     S=.text    G=(none)   M=Controls ACBP=A9
 0001:00056238 00001B6D C=CODE     S=.text    G=(none)   M=ImgList  ACBP=A9
 0001:00057DA8 00001332 C=CODE     S=.text    G=(none)   M=ActnList ACBP=A9
 0001:000590DC 0000F060 C=CODE     S=.text    G=(none)   M=Forms    ACBP=A9
 0001:0006813C 00000B7F C=CODE     S=.text    G=(none)   M=MaskUtils ACBP=A9
 0001:00068CBC 0000221F C=CODE     S=.text    G=(none)   M=Mask     ACBP=A9
 0001:0006AEDC 00009479 C=CODE     S=.text    G=(none)   M=Grids    ACBP=A9
 0001:00074358 00000020 C=CODE     S=.text    G=(none)   M=ComConst ACBP=A9
 0001:00074378 00000E07 C=CODE     S=.text    G=(none)   M=ComObj   ACBP=A9
 0001:00075180 00002C0D C=CODE     S=.text    G=(none)   M=Buttons  ACBP=A9
 0001:00077D90 0000007C C=CODE     S=.text    G=(none)   M=ExtDlgs  ACBP=A9
 0001:00077E0C 00000062 C=CODE     S=.text    G=(none)   M=Mapi     ACBP=A9
 0001:00077E70 0000004D C=CODE     S=.text    G=(none)   M=ExtActns ACBP=A9
 0001:00077EC0 00000040 C=CODE     S=.text    G=(none)   M=ComStrs  ACBP=A9
 0001:00077F00 00006CF4 C=CODE     S=.text    G=(none)   M=ComCtrls ACBP=A9
 0001:0007EBF4 000000C6 C=CODE     S=.text    G=(none)   M=WinSock2 ACBP=A9
 0001:0007ECBC 000000A4 C=CODE     S=.text    G=(none)   M=IOCPTypeDef ACBP=A9
 0001:0007ED60 000001B9 C=CODE     S=.text    G=(none)   M=SHSocket ACBP=A9
 0001:0007EF1C 000000B2 C=CODE     S=.text    G=(none)   M=SyncObj  ACBP=A9
 0001:0007EFD0 0000041D C=CODE     S=.text    G=(none)   M=ThreadPool ACBP=A9
 0001:0007F3F0 0000043A C=CODE     S=.text    G=(none)   M=MemPool  ACBP=A9
 0001:0007F82C 00000BAB C=CODE     S=.text    G=(none)   M=ClientThread ACBP=A9
 0001:000803D8 000005E3 C=CODE     S=.text    G=(none)   M=HUtil32  ACBP=A9
 0001:000809BC 0000005A C=CODE     S=.text    G=(none)   M=Grobal2  ACBP=A9
 0001:00080A18 000005DA C=CODE     S=.text    G=(none)   M=EDcode   ACBP=A9
 0001:00080FF4 00000676 C=CODE     S=.text    G=(none)   M=IOCPManager ACBP=A9
 0001:0008166C 00000E10 C=CODE     S=.text    G=(none)   M=ConfigManager ACBP=A9
 0001:0008247C 0000000E C=CODE     S=.text    G=(none)   M=WinSock  ACBP=A9
 0001:0008248C 00000906 C=CODE     S=.text    G=(none)   M=IPAddrFilter ACBP=A9
 0001:00082D94 00000187 C=CODE     S=.text    G=(none)   M=Misc     ACBP=A9
 0001:00082F1C 00001C03 C=CODE     S=.text    G=(none)   M=Spin     ACBP=A9
 0001:00084B20 000008A8 C=CODE     S=.text    G=(none)   M=GeneralConfig ACBP=A9
 0001:000853C8 0000363E C=CODE     S=.text    G=(none)   M=PacketRuleConfig ACBP=A9
 0001:00088A08 000014F4 C=CODE     S=.text    G=(none)   M=AppMain  ACBP=A9
 0001:00089EFC 00000E9E C=CODE     S=.text    G=(none)   M=FuncForComm ACBP=A9
 0001:0008AD9C 00000C71 C=CODE     S=.text    G=(none)   M=ClientSession ACBP=A9
 0001:0008BA10 00001DEC C=CODE     S=.text    G=(none)   M=AcceptExWorkedThread ACBP=A9
 0001:0008D7FC 00000AC5 C=CODE     S=.text    G=(none)   M=SendQueue ACBP=A9
 0001:0008E2C4 000001A8 C=CODE     S=.text    G=(none)   M=LogManager ACBP=A9
 0001:0008E46C 00000658 C=CODE     S=.text    G=(none)   M=FixedMemoryPool ACBP=A9
 0001:0008EAC4 00000330 C=CODE     S=.text    G=(none)   M=SelGate  ACBP=A9
 0002:00000000 00000095 C=ICODE    S=.itext   G=(none)   M=System   ACBP=A9
 0002:00000098 00000011 C=ICODE    S=.itext   G=(none)   M=Windows  ACBP=A9
 0002:000000AC 00000088 C=ICODE    S=.itext   G=(none)   M=SysUtils ACBP=A9
 0002:00000134 0000000F C=ICODE    S=.itext   G=(none)   M=VarUtils ACBP=A9
 0002:00000144 000000AA C=ICODE    S=.itext   G=(none)   M=Variants ACBP=A9
 0002:000001F0 00000008 C=ICODE    S=.itext   G=(none)   M=TypInfo  ACBP=A9
 0002:000001F8 00000092 C=ICODE    S=.itext   G=(none)   M=Classes  ACBP=A9
 0002:0000028C 00000008 C=ICODE    S=.itext   G=(none)   M=HelpIntfs ACBP=A9
 0002:00000294 0000000F C=ICODE    S=.itext   G=(none)   M=MultiMon ACBP=A9
 0002:000002A4 00000008 C=ICODE    S=.itext   G=(none)   M=IniFiles ACBP=A9
 0002:000002AC 00000008 C=ICODE    S=.itext   G=(none)   M=Registry ACBP=A9
 0002:000002B4 000000FB C=ICODE    S=.itext   G=(none)   M=Graphics ACBP=A9
 0002:000003B0 0000001B C=ICODE    S=.itext   G=(none)   M=UxTheme  ACBP=A9
 0002:000003CC 00000008 C=ICODE    S=.itext   G=(none)   M=DwmApi   ACBP=A9
 0002:000003D4 00000008 C=ICODE    S=.itext   G=(none)   M=Printers ACBP=A9
 0002:000003DC 00000086 C=ICODE    S=.itext   G=(none)   M=GraphUtil ACBP=A9
 0002:00000464 00000044 C=ICODE    S=.itext   G=(none)   M=ExtCtrls ACBP=A9
 0002:000004A8 0000003D C=ICODE    S=.itext   G=(none)   M=Dialogs  ACBP=A9
 0002:000004E8 00000058 C=ICODE    S=.itext   G=(none)   M=Clipbrd  ACBP=A9
 0002:00000540 0000000F C=ICODE    S=.itext   G=(none)   M=FlatSB   ACBP=A9
 0002:00000550 00000008 C=ICODE    S=.itext   G=(none)   M=Themes   ACBP=A9
 0002:00000558 00000085 C=ICODE    S=.itext   G=(none)   M=Menus    ACBP=A9
 0002:000005E0 0000008F C=ICODE    S=.itext   G=(none)   M=Controls ACBP=A9
 0002:00000670 0000002A C=ICODE    S=.itext   G=(none)   M=ActnList ACBP=A9
 0002:0000069C 00000070 C=ICODE    S=.itext   G=(none)   M=Forms    ACBP=A9
 0002:0000070C 00000055 C=ICODE    S=.itext   G=(none)   M=ComObj   ACBP=A9
 0002:00000764 00000025 C=ICODE    S=.itext   G=(none)   M=Buttons  ACBP=A9
 0002:0000078C 00000014 C=ICODE    S=.itext   G=(none)   M=ExtDlgs  ACBP=A9
 0002:000007A0 00000008 C=ICODE    S=.itext   G=(none)   M=Mapi     ACBP=A9
 0002:000007A8 00000008 C=ICODE    S=.itext   G=(none)   M=ExtActns ACBP=A9
 0002:000007B0 00000008 C=ICODE    S=.itext   G=(none)   M=ComCtrls ACBP=A9
 0002:000007B8 0000000F C=ICODE    S=.itext   G=(none)   M=SHSocket ACBP=A9
 0002:000007C8 00000008 C=ICODE    S=.itext   G=(none)   M=HUtil32  ACBP=A9
 0002:000007D0 00000032 C=ICODE    S=.itext   G=(none)   M=EDcode   ACBP=A9
 0002:00000804 00000092 C=ICODE    S=.itext   G=(none)   M=IPAddrFilter ACBP=A9
 0002:00000898 0000001D C=ICODE    S=.itext   G=(none)   M=ClientSession ACBP=A9
 0002:000008B8 00000075 C=ICODE    S=.itext   G=(none)   M=SelGate  ACBP=A9
 0003:00000000 00000794 C=DATA     S=.data    G=DGROUP   M=System   ACBP=A9
 0003:00000794 00000020 C=DATA     S=.data    G=DGROUP   M=SysInit  ACBP=A9
 0003:000007B4 00000010 C=DATA     S=.data    G=DGROUP   M=ActiveX  ACBP=A9
 0003:000007C4 00000250 C=DATA     S=.data    G=DGROUP   M=SysUtils ACBP=A9
 0003:00000A14 00000008 C=DATA     S=.data    G=DGROUP   M=VarUtils ACBP=A9
 0003:00000A1C 0000008E C=DATA     S=.data    G=DGROUP   M=Variants ACBP=A9
 0003:00000AAC 0000000C C=DATA     S=.data    G=DGROUP   M=TypInfo  ACBP=A9
 0003:00000AB8 000000E4 C=DATA     S=.data    G=DGROUP   M=Classes  ACBP=A9
 0003:00000B9C 00000008 C=DATA     S=.data    G=DGROUP   M=IniFiles ACBP=A9
 0003:00000BA4 00000008 C=DATA     S=.data    G=DGROUP   M=Registry ACBP=A9
 0003:00000BAC 00000318 C=DATA     S=.data    G=DGROUP   M=Graphics ACBP=A9
 0003:00000EC4 00000104 C=DATA     S=.data    G=DGROUP   M=StdCtrls ACBP=A9
 0003:00000FC8 00000004 C=DATA     S=.data    G=DGROUP   M=Printers ACBP=A9
 0003:00000FCC 00000450 C=DATA     S=.data    G=DGROUP   M=GraphUtil ACBP=A9
 0003:0000141C 00000074 C=DATA     S=.data    G=DGROUP   M=Dialogs  ACBP=A9
 0003:00001490 00000068 C=DATA     S=.data    G=DGROUP   M=Themes   ACBP=A9
 0003:000014F8 000000F4 C=DATA     S=.data    G=DGROUP   M=Menus    ACBP=A9
 0003:000015EC 0000013C C=DATA     S=.data    G=DGROUP   M=Controls ACBP=A9
 0003:00001728 00000020 C=DATA     S=.data    G=DGROUP   M=ImgList  ACBP=A9
 0003:00001748 0000012C C=DATA     S=.data    G=DGROUP   M=Forms    ACBP=A9
 0003:00001874 00000009 C=DATA     S=.data    G=DGROUP   M=MaskUtils ACBP=A9
 0003:00001880 00000004 C=DATA     S=.data    G=DGROUP   M=Mask     ACBP=A9
 0003:00001884 00000006 C=DATA     S=.data    G=DGROUP   M=Grids    ACBP=A9
 0003:0000188C 00000030 C=DATA     S=.data    G=DGROUP   M=ComObj   ACBP=A9
 0003:000018BC 00000046 C=DATA     S=.data    G=DGROUP   M=Buttons  ACBP=A9
 0003:00001904 00000018 C=DATA     S=.data    G=DGROUP   M=ExtDlgs  ACBP=A9
 0003:0000191C 00000008 C=DATA     S=.data    G=DGROUP   M=Mapi     ACBP=A9
 0003:00001924 000000B4 C=DATA     S=.data    G=DGROUP   M=ComCtrls ACBP=A9
 0003:000019D8 00000020 C=DATA     S=.data    G=DGROUP   M=SHSocket ACBP=A9
 0003:000019F8 00000005 C=DATA     S=.data    G=DGROUP   M=Protocol ACBP=A9
 0003:00001A00 000000B0 C=DATA     S=.data    G=DGROUP   M=HUtil32  ACBP=A9
 0003:00001AB0 0000000D C=DATA     S=.data    G=DGROUP   M=EDcode   ACBP=A9
 0003:00001AC0 00000004 C=DATA     S=.data    G=DGROUP   M=FuncForComm ACBP=A9
 0003:00001AC4 00000004 C=DATA     S=.data    G=DGROUP   M=ClientSession ACBP=A9
 0004:00000000 000027F4 C=BSS      S=.bss     G=DGROUP   M=System   ACBP=A9
 0004:000027F4 0000000C C=BSS      S=.bss     G=DGROUP   M=SysInit  ACBP=A9
 0004:00002800 00000008 C=BSS      S=.bss     G=DGROUP   M=Windows  ACBP=A9
 0004:00002808 00002108 C=BSS      S=.bss     G=DGROUP   M=SysUtils ACBP=A9
 0004:00004910 0000005C C=BSS      S=.bss     G=DGROUP   M=VarUtils ACBP=A9
 0004:0000496C 00000040 C=BSS      S=.bss     G=DGROUP   M=Variants ACBP=A9
 0004:000049AC 00000004 C=BSS      S=.bss     G=DGROUP   M=TypInfo  ACBP=A9
 0004:000049B0 00000040 C=BSS      S=.bss     G=DGROUP   M=Classes  ACBP=A9
 0004:000049F0 00000008 C=BSS      S=.bss     G=DGROUP   M=HelpIntfs ACBP=A9
 0004:000049F8 00000031 C=BSS      S=.bss     G=DGROUP   M=MultiMon ACBP=A9
 0004:00004A2C 00000008 C=BSS      S=.bss     G=DGROUP   M=CommCtrl ACBP=A9
 0004:00004A34 00000004 C=BSS      S=.bss     G=DGROUP   M=IniFiles ACBP=A9
 0004:00004A38 00000004 C=BSS      S=.bss     G=DGROUP   M=Registry ACBP=A9
 0004:00004A3C 00000060 C=BSS      S=.bss     G=DGROUP   M=Graphics ACBP=A9
 0004:00004A9C 000000DC C=BSS      S=.bss     G=DGROUP   M=UxTheme  ACBP=A9
 0004:00004B78 00000010 C=BSS      S=.bss     G=DGROUP   M=DwmApi   ACBP=A9
 0004:00004B88 00000004 C=BSS      S=.bss     G=DGROUP   M=Printers ACBP=A9
 0004:00004B8C 00000010 C=BSS      S=.bss     G=DGROUP   M=GraphUtil ACBP=A9
 0004:00004B9C 00000008 C=BSS      S=.bss     G=DGROUP   M=ExtCtrls ACBP=A9
 0004:00004BA4 0000000C C=BSS      S=.bss     G=DGROUP   M=Dialogs  ACBP=A9
 0004:00004BB0 0000000C C=BSS      S=.bss     G=DGROUP   M=Clipbrd  ACBP=A9
 0004:00004BBC 00000034 C=BSS      S=.bss     G=DGROUP   M=FlatSB   ACBP=A9
 0004:00004BF0 0000000C C=BSS      S=.bss     G=DGROUP   M=Themes   ACBP=A9
 0004:00004BFC 00000010 C=BSS      S=.bss     G=DGROUP   M=Menus    ACBP=A9
 0004:00004C0C 00000088 C=BSS      S=.bss     G=DGROUP   M=Controls ACBP=A9
 0004:00004C94 00000008 C=BSS      S=.bss     G=DGROUP   M=ImgList  ACBP=A9
 0004:00004C9C 00000004 C=BSS      S=.bss     G=DGROUP   M=ActnList ACBP=A9
 0004:00004CA0 00000031 C=BSS      S=.bss     G=DGROUP   M=Forms    ACBP=A9
 0004:00004CD4 00000011 C=BSS      S=.bss     G=DGROUP   M=ComObj   ACBP=A9
 0004:00004CE8 00000030 C=BSS      S=.bss     G=DGROUP   M=Buttons  ACBP=A9
 0004:00004D18 00000004 C=BSS      S=.bss     G=DGROUP   M=ExtDlgs  ACBP=A9
 0004:00004D1C 00000004 C=BSS      S=.bss     G=DGROUP   M=Mapi     ACBP=A9
 0004:00004D20 00000009 C=BSS      S=.bss     G=DGROUP   M=ExtActns ACBP=A9
 0004:00004D2C 0000000C C=BSS      S=.bss     G=DGROUP   M=ComCtrls ACBP=A9
 0004:00004D38 00000004 C=BSS      S=.bss     G=DGROUP   M=SHSocket ACBP=A9
 0004:00004D3C 00000008 C=BSS      S=.bss     G=DGROUP   M=Protocol ACBP=A9
 0004:00004D44 00000004 C=BSS      S=.bss     G=DGROUP   M=HUtil32  ACBP=A9
 0004:00004D48 00000024 C=BSS      S=.bss     G=DGROUP   M=EDcode   ACBP=A9
 0004:00004D6C 00000004 C=BSS      S=.bss     G=DGROUP   M=ConfigManager ACBP=A9
 0004:00004D70 00000064 C=BSS      S=.bss     G=DGROUP   M=IPAddrFilter ACBP=A9
 0004:00004DD4 00000004 C=BSS      S=.bss     G=DGROUP   M=GeneralConfig ACBP=A9
 0004:00004DD8 00000004 C=BSS      S=.bss     G=DGROUP   M=PacketRuleConfig ACBP=A9
 0004:00004DDC 00000004 C=BSS      S=.bss     G=DGROUP   M=AppMain  ACBP=A9
 0004:00004DE0 0000106C C=BSS      S=.bss     G=DGROUP   M=ClientSession ACBP=A9
 0004:00005E4C 00000004 C=BSS      S=.bss     G=DGROUP   M=LogManager ACBP=A9
 0005:00000000 00000008 C=TLS      S=.tls     G=(none)   M=System   ACBP=A9
 0005:00000008 00000008 C=TLS      S=.tls     G=(none)   M=Classes  ACBP=A9
 0005:00000010 00000024 C=TLS      S=.tls     G=(none)   M=GraphUtil ACBP=A9


  Address             Publics by Name

 0001:0008BA6C       AcceptExWorkedThread..EAcceptExSocket
 0001:0008BBD4       AcceptExWorkedThread..TAcceptExWorkedThread
 0001:0008BAC8       AcceptExWorkedThread..TIOCPAccepter
 0001:0008BB24       AcceptExWorkedThread..TIOCPReader
 0001:0008BB7C       AcceptExWorkedThread..TIOCPWriter
 0001:0008BA10       AcceptExWorkedThread..TUserManager
 0001:0008BC44       AcceptExWorkedThread.TAcceptExWorkedThread.Create
 0001:0008BCD8       AcceptExWorkedThread.TAcceptExWorkedThread.Destroy
 0001:0008BD00       AcceptExWorkedThread.TAcceptExWorkedThread.HandleAllError
 0001:0008BD3C       AcceptExWorkedThread.TAcceptExWorkedThread.HandleExcept
 0001:0008BE90       AcceptExWorkedThread.TAcceptExWorkedThread.HandleRecvEvent
 0001:0008BF74       AcceptExWorkedThread.TAcceptExWorkedThread.HandleSendEvent
 0001:0008BF90       AcceptExWorkedThread.TAcceptExWorkedThread.Run
 0001:0008C1B4       AcceptExWorkedThread.TIOCPAccepter.CleanupAcceptEx
 0001:0008C1C4       AcceptExWorkedThread.TIOCPAccepter.CloseWorkerThread
 0001:0008C1F8       AcceptExWorkedThread.TIOCPAccepter.Create
 0001:0008C288       AcceptExWorkedThread.TIOCPAccepter.Destroy
 0001:0008C2D0       AcceptExWorkedThread.TIOCPAccepter.FreeAcceptEx
 0001:0008C374       AcceptExWorkedThread.TIOCPAccepter.GetInUseBlock
 0001:0008C384       AcceptExWorkedThread.TIOCPAccepter.GetMaxInUseBlock
 0001:0008C370       AcceptExWorkedThread.TIOCPAccepter.GetServerInfo
 0001:0008C394       AcceptExWorkedThread.TIOCPAccepter.HandleAcceptFinished
 0001:0008C8F0       AcceptExWorkedThread.TIOCPAccepter.HandleException
 0001:0008C918       AcceptExWorkedThread.TIOCPAccepter.InitAcceptEx
 0001:0008CCFC       AcceptExWorkedThread.TIOCPAccepter.InitServer
 0001:0008CD68       AcceptExWorkedThread.TIOCPAccepter.PostAcceptEx
 0001:0008CF98       AcceptExWorkedThread.TIOCPAccepter.SetActive
 0001:0008D024       AcceptExWorkedThread.TIOCPAccepter.SetRecvSocket
 0001:0008D028       AcceptExWorkedThread.TIOCPAccepter.SetSendSocket
 0001:0008D02C       AcceptExWorkedThread.TIOCPAccepter.SetThreadCount
 0001:0008D038       AcceptExWorkedThread.TIOCPReader.AddLoginUser
 0001:0008D158       AcceptExWorkedThread.TIOCPReader.CleanupRecvSocket
 0001:0008D164       AcceptExWorkedThread.TIOCPReader.Create
 0001:0008D1AC       AcceptExWorkedThread.TIOCPReader.DeleteLoginUser
 0001:0008D20C       AcceptExWorkedThread.TIOCPReader.Destroy
 0001:0008D238       AcceptExWorkedThread.TIOCPReader.HandleReadData
 0001:0008D294       AcceptExWorkedThread.TIOCPReader.InitRecvSocket
 0001:0008D2B0       AcceptExWorkedThread.TIOCPReader.ReadDone
 0001:0008D32C       AcceptExWorkedThread.TIOCPWriter.AddLoginUser
 0001:0008D34C       AcceptExWorkedThread.TIOCPWriter.BroadUserMsg
 0001:0008D3D4       AcceptExWorkedThread.TIOCPWriter.cleanupSendSocket
 0001:0008D3E0       AcceptExWorkedThread.TIOCPWriter.Create
 0001:0008D424       AcceptExWorkedThread.TIOCPWriter.DeleteLoginUser
 0001:0008D430       AcceptExWorkedThread.TIOCPWriter.DeleteSocket
 0001:0008D43C       AcceptExWorkedThread.TIOCPWriter.Destroy
 0001:0008D468       AcceptExWorkedThread.TIOCPWriter.HandleSendFinished
 0001:0008D474       AcceptExWorkedThread.TIOCPWriter.InitSendSocket
 0001:0008D48C       AcceptExWorkedThread.TIOCPWriter.SendData
 0001:0008D4C8       AcceptExWorkedThread.TUserManager.AddUser
 0001:0008D59C       AcceptExWorkedThread.TUserManager.Create
 0001:0008D614       AcceptExWorkedThread.TUserManager.DeleteUser
 0001:0008D5E4       AcceptExWorkedThread.TUserManager.Destroy
 0001:0008D798       AcceptExWorkedThread.TUserManager._DeleteUser
 0001:00006980       ActiveX.CoInitialize
 0001:00006988       ActiveX.CoUninitialize
 0001:00006998       ActiveX.GetErrorInfo
 0003:000007B4       ActiveX.GUID_NULL
 0001:00006990       ActiveX.SysFreeString
 0004:00004C9C       ActnList..9
 0001:000581D0       ActnList..TActionLink
 0001:00057DA8       ActnList..TContainedAction
 0001:000580C8       ActnList..TCustomAction
 0001:00057ECC       ActnList..TCustomActionList
 0001:00057FAC       ActnList..TShortCutList
 0002:00000670       ActnList.ActnList
 0001:000590AC       ActnList.Finalization
 0001:000588C0       ActnList.TActionLink.IsCaptionLinked
 0001:000588D4       ActnList.TActionLink.IsCheckedLinked
 0001:000588E8       ActnList.TActionLink.IsEnabledLinked
 0001:000588FC       ActnList.TActionLink.IsGroupIndexLinked
 0001:00058910       ActnList.TActionLink.IsHelpContextLinked
 0001:00058924       ActnList.TActionLink.IsHelpLinked
 0001:00058938       ActnList.TActionLink.IsHintLinked
 0001:0005894C       ActnList.TActionLink.IsImageIndexLinked
 0001:00058960       ActnList.TActionLink.IsShortCutLinked
 0001:00058974       ActnList.TActionLink.IsVisibleLinked
 0001:00058988       ActnList.TActionLink.SetAutoCheck
 0001:0005898C       ActnList.TActionLink.SetCaption
 0001:00058990       ActnList.TActionLink.SetChecked
 0001:00058994       ActnList.TActionLink.SetEnabled
 0001:00058998       ActnList.TActionLink.SetGroupIndex
 0001:0005899C       ActnList.TActionLink.SetHelpContext
 0001:000589A0       ActnList.TActionLink.SetHelpKeyword
 0001:000589A4       ActnList.TActionLink.SetHelpType
 0001:000589A8       ActnList.TActionLink.SetHint
 0001:000589AC       ActnList.TActionLink.SetImageIndex
 0001:000589B0       ActnList.TActionLink.SetShortCut
 0001:000589B4       ActnList.TActionLink.SetVisible
 0001:000582A0       ActnList.TContainedAction.Destroy
 0001:0005840C       ActnList.TContainedAction.Execute
 0001:000582D4       ActnList.TContainedAction.GetIndex
 0001:000582F0       ActnList.TContainedAction.GetParentComponent
 0001:00058300       ActnList.TContainedAction.HasParent
 0001:000582EC       ActnList.TContainedAction.IsCategoryStored
 0001:00058310       ActnList.TContainedAction.ReadState
 0001:000583B8       ActnList.TContainedAction.SetActionList
 0001:0005838C       ActnList.TContainedAction.SetCategory
 0001:00058344       ActnList.TContainedAction.SetIndex
 0001:000583E0       ActnList.TContainedAction.SetParentComponent
 0001:00058464       ActnList.TContainedAction.Update
 0001:00058A5C       ActnList.TCustomAction.AssignTo
 0001:000589B8       ActnList.TCustomAction.Create
 0001:00058A0C       ActnList.TCustomAction.Destroy
 0001:00058F7C       ActnList.TCustomAction.DoHint
 0001:00058FA4       ActnList.TCustomAction.Execute
 0001:00059008       ActnList.TCustomAction.GetSecondaryShortCuts
 0001:00059030       ActnList.TCustomAction.HandleShortCut
 0001:00058B0C       ActnList.TCustomAction.SetCaption
 0001:00058B6C       ActnList.TCustomAction.SetChecked
 0001:00058C74       ActnList.TCustomAction.SetEnabled
 0001:00058D58       ActnList.TCustomAction.SetHelpContext
 0001:00058CF0       ActnList.TCustomAction.SetHelpKeyword
 0001:00058DB0       ActnList.TCustomAction.SetHint
 0001:00058E10       ActnList.TCustomAction.SetImageIndex
 0001:00058F30       ActnList.TCustomAction.SetName
 0001:00058E6C       ActnList.TCustomAction.SetShortCut
 0001:00058ED0       ActnList.TCustomAction.SetVisible
 0001:00058694       ActnList.TCustomActionList.AddAction
 0001:000586D0       ActnList.TCustomActionList.Change
 0001:000584BC       ActnList.TCustomActionList.Create
 0001:00058528       ActnList.TCustomActionList.Destroy
 0001:000587DC       ActnList.TCustomActionList.ExecuteAction
 0001:000585F0       ActnList.TCustomActionList.GetAction
 0001:00058604       ActnList.TCustomActionList.GetActionCount
 0001:00058578       ActnList.TCustomActionList.GetChildren
 0001:00058640       ActnList.TCustomActionList.ImageListChange
 0001:00058738       ActnList.TCustomActionList.IsShortCut
 0001:0005864C       ActnList.TCustomActionList.Notification
 0001:000586B4       ActnList.TCustomActionList.RemoveAction
 0001:000585C0       ActnList.TCustomActionList.SetChildOrder
 0001:0005860C       ActnList.TCustomActionList.SetImages
 0001:0005881C       ActnList.TCustomActionList.SetState
 0001:000587FC       ActnList.TCustomActionList.UpdateAction
 0001:0005903C       ActnList.TShortCutList.Add
 0001:00059068       ActnList.TShortCutList.IndexOfShortCut
 0001:00088A08       AppMain..TFormMain
 0004:00004DDC       AppMain.FormMain
 0001:00089D44       AppMain.TFormMain.ClientClosed
 0001:00089C68       AppMain.TFormMain.CltOnClose
 0001:00089B3C       AppMain.TFormMain.CltOnRead
 0001:00088E94       AppMain.TFormMain.FormCloseQuery
 0001:00088F04       AppMain.TFormMain.FormCreate
 0001:00089108       AppMain.TFormMain.FormDestroy
 0001:00089130       AppMain.TFormMain.GridSocketInfoDrawCell
 0001:000899D4       AppMain.TFormMain.InitIOCPServer
 0001:000891FC       AppMain.TFormMain.MemoLogDblClick
 0001:0008926C       AppMain.TFormMain.MENU_CONTROL_CLEAELOGClick
 0001:00089274       AppMain.TFormMain.MENU_CONTROL_EXITClick
 0001:0008927C       AppMain.TFormMain.MENU_CONTROL_RELOADCONFIGClick
 0001:00089318       AppMain.TFormMain.MENU_CONTROL_STARTClick
 0001:00089320       AppMain.TFormMain.MENU_CONTROL_STOPClick
 0001:00089328       AppMain.TFormMain.MENU_OPTION_GENERALClick
 0001:0008946C       AppMain.TFormMain.MENU_OPTION_IPFILTERClick
 0001:000898B8       AppMain.TFormMain.MENU_VIEW_HELP_ABOUTClick
 0001:00088E84       AppMain.TFormMain.OnProgramException
 0001:00089D64       AppMain.TFormMain.UserEnterEvent
 0001:00089DC8       AppMain.TFormMain.UserLeaveEvent
 0001:00089DE8       AppMain.TFormMain.UserReadBuffer
 0004:00004CE8       Buttons..5
 0001:000759F4       Buttons..TButtonGlyph
 0001:0007599C       Buttons..TGlyphCache
 0001:000758DC       Buttons..TGlyphList
 0001:000752F0       Buttons..TSpeedButton
 0001:000751F8       Buttons..TSpeedButtonActionLink
 0003:000018BC       Buttons.BitBtnCaptions
 0004:00004CEC       Buttons.BitBtnGlyphs
 0003:000018EC       Buttons.ButtonCount
 0002:00000764       Buttons.Buttons
 0001:00077CC0       Buttons.DestroyLocals
 0001:00076648       Buttons.DoDrawText
 0003:000018F0       Buttons.DownStyles
 0003:000018F8       Buttons.FillStyles
 0001:00077D58       Buttons.Finalization
 0003:000018E8       Buttons.GlyphCache
 0003:00001900       Buttons.NewState
 0001:000768A8       Buttons.TButtonGlyph.CalcButtonLayout
 0001:00075C80       Buttons.TButtonGlyph.Create
 0001:00075E80       Buttons.TButtonGlyph.CreateButtonGlyph
 0001:00075D10       Buttons.TButtonGlyph.Destroy
 0001:00076BEC       Buttons.TButtonGlyph.Draw
 0001:00076454       Buttons.TButtonGlyph.DrawButtonGlyph
 0001:0007672C       Buttons.TButtonGlyph.DrawButtonText
 0001:00075DB0       Buttons.TButtonGlyph.GlyphChanged
 0001:00075D6C       Buttons.TButtonGlyph.Invalidate
 0001:00075DE0       Buttons.TButtonGlyph.SetGlyph
 0001:00075E58       Buttons.TButtonGlyph.SetNumGlyphs
 0001:00075B7C       Buttons.TGlyphCache.Create
 0001:00075BC0       Buttons.TGlyphCache.Destroy
 0001:00075C74       Buttons.TGlyphCache.Empty
 0001:00075BF0       Buttons.TGlyphCache.GetList
 0001:00075C50       Buttons.TGlyphCache.ReturnList
 0001:00075B20       Buttons.TGlyphList.AddMasked
 0001:00075AD4       Buttons.TGlyphList.AllocateIndex
 0001:00075A50       Buttons.TGlyphList.CreateSize
 0001:00075B4C       Buttons.TGlyphList.Delete
 0001:00075AA4       Buttons.TGlyphList.Destroy
 0001:00077BEC       Buttons.TSpeedButton.ActionChange
 0001:000776B8       Buttons.TSpeedButton.Click
 0001:0007793C       Buttons.TSpeedButton.CMButtonPressed
 0001:000779B0       Buttons.TSpeedButton.CMDialogChar
 0001:00077908       Buttons.TSpeedButton.CMEnabledChanged
 0001:00077A48       Buttons.TSpeedButton.CMFontChanged
 0001:00077A8C       Buttons.TSpeedButton.CMMouseEnter
 0001:00077B00       Buttons.TSpeedButton.CMMouseLeave
 0001:00077A68       Buttons.TSpeedButton.CMSysColorChange
 0001:00077A58       Buttons.TSpeedButton.CMTextChanged
 0001:00077B68       Buttons.TSpeedButton.CopyImage
 0001:00076E18       Buttons.TSpeedButton.Create
 0001:00076ED8       Buttons.TSpeedButton.Destroy
 0001:000776D4       Buttons.TSpeedButton.GetActionLinkClass
 0001:000776DC       Buttons.TSpeedButton.GetGlyph
 0001:00077704       Buttons.TSpeedButton.GetNumGlyphs
 0001:000776C0       Buttons.TSpeedButton.GetPalette
 0001:00077740       Buttons.TSpeedButton.GlyphChanged
 0001:00077488       Buttons.TSpeedButton.Loaded
 0001:000774B4       Buttons.TSpeedButton.MouseDown
 0001:00077510       Buttons.TSpeedButton.MouseMove
 0001:000775B8       Buttons.TSpeedButton.MouseUp
 0001:00076F10       Buttons.TSpeedButton.Paint
 0001:000778D0       Buttons.TSpeedButton.SetAllowAllUp
 0001:00077788       Buttons.TSpeedButton.SetDown
 0001:000777F8       Buttons.TSpeedButton.SetFlat
 0001:000776E8       Buttons.TSpeedButton.SetGlyph
 0001:00077818       Buttons.TSpeedButton.SetGroupIndex
 0001:0007782C       Buttons.TSpeedButton.SetLayout
 0001:0007784C       Buttons.TSpeedButton.SetMargin
 0001:00077710       Buttons.TSpeedButton.SetNumGlyphs
 0001:00077870       Buttons.TSpeedButton.SetSpacing
 0001:00077890       Buttons.TSpeedButton.SetTransparent
 0001:00077750       Buttons.TSpeedButton.UpdateExclusive
 0001:00077424       Buttons.TSpeedButton.UpdateTracking
 0001:000778E4       Buttons.TSpeedButton.WMLButtonDblClk
 0001:00076C60       Buttons.TSpeedButtonActionLink.AssignClient
 0001:00076C84       Buttons.TSpeedButtonActionLink.Create
 0001:00076CC0       Buttons.TSpeedButtonActionLink.IsCheckedLinked
 0001:00076D0C       Buttons.TSpeedButtonActionLink.IsGroupIndexLinked
 0001:00076D3C       Buttons.TSpeedButtonActionLink.IsImageIndexLinked
 0001:00076D6C       Buttons.TSpeedButtonActionLink.SetChecked
 0001:00076D8C       Buttons.TSpeedButtonActionLink.SetGroupIndex
 0001:00076DAC       Buttons.TSpeedButtonActionLink.SetImageIndex
 0004:000049BC       Classes..95
 0001:00014B30       Classes..EBitsError
 0001:00014A20       Classes..EClassNotFound
 0001:00014BE8       Classes..EComponentError
 0001:00014864       Classes..EFCreateError
 0001:00014918       Classes..EFilerError
 0001:00014804       Classes..EFileStreamError
 0001:000148C0       Classes..EFOpenError
 0001:00014CA0       Classes..EInvalidOperation
 0001:00014AD8       Classes..EListError
 0001:00014C44       Classes..EOutOfResources
 0001:00014970       Classes..EReadError
 0001:00014A7C       Classes..EResNotFound
 0001:000147A8       Classes..EStreamError
 0001:00014B88       Classes..EStringListError
 0001:00015998       Classes..EThread
 0001:000149C8       Classes..EWriteError
 0001:00015CC0       Classes..TBasicAction
 0001:00015C40       Classes..TBasicActionLink
 0001:00014DBC       Classes..TBits
 0001:00015844       Classes..TClassFinder
 0001:0001506C       Classes..TCollection
 0001:00014FB4       Classes..TCollectionItem
 0001:00015AE0       Classes..TComponent
 0001:00015538       Classes..TCustomMemoryStream
 0001:000158A0       Classes..TFiler
 0001:000154B0       Classes..TFileStream
 0001:00015438       Classes..THandleStream
 0001:00016B68       Classes..TIntConst
 0001:00014F00       Classes..TInterfacedPersistent
 0001:00014D00       Classes..TList
 0001:000155B4       Classes..TMemoryStream
 0001:00014E10       Classes..TPersistent
 0001:0001A338       Classes..TPropFixup
 0001:0001A3B0       Classes..TPropIntfFixup
 0001:00015904       Classes..TReader
 0001:00015E44       Classes..TRegGroup
 0001:00015E9C       Classes..TRegGroups
 0001:00015630       Classes..TResourceStream
 0001:000153C8       Classes..TStream
 0001:000157BC       Classes..TStreamAdapter
 0001:000152B0       Classes..TStringList
 0001:00015178       Classes..TStrings
 0001:00014D64       Classes..TThreadList
 0001:00016B0C       Classes.ActivateClassGroup
 0003:00000AB8       Classes.AddDataModule
 0001:0001A610       Classes.AddFinished
 0001:0001A648       Classes.AddNotFinished
 0001:0001B1BC       Classes.AddSubComponentsToLoaded
 0001:0001EAB4       Classes.AllocateHWnd
 0003:00000AC8       Classes.ApplicationHandleException
 0003:00000AD0       Classes.ApplicationShowException
 0001:00016E64       Classes.BeginGlobalLoading
 0001:0001D658       Classes.BinToHex
 0003:00000B70       Classes.BlockCode
 0001:00015E08       Classes.Bounds
 0001:0001E9F0       Classes.CalcJmpOffset
 0001:0001B1F8       Classes.CheckSubComponents
 0001:0001D760       Classes.CheckSynchronize
 0002:000001F8       Classes.Classes
 0001:000168D0       Classes.ClassNotFound
 0001:0001B2D8       Classes.ComponentCreated
 0003:00000AEC       Classes.Convert
 0003:00000AFC       Classes.Convert
 0001:0001B358       Classes.CreateComponent
 0001:0001EB68       Classes.DeallocateHWnd
 0001:0001D720       Classes.DoneThreadSynchronization
 0001:00018484       Classes.DoWrite
 0001:00016EEC       Classes.EndGlobalLoading
 0001:00016470       Classes.Error
 0001:0001A170       Classes.Error
 0003:00000AE0       Classes.FilerSignature
 0001:0001EB90       Classes.Finalization
 0001:00016990       Classes.FindClass
 0001:0001B508       Classes.FindExistingComponent
 0001:00016D7C       Classes.FindGlobalComponent
 0004:000049C8       Classes.FindGlobalComponentProcs
 0001:00016C24       Classes.FindIdentToInt
 0001:0001A544       Classes.FindNestedComponent
 0001:0001C4AC       Classes.FindUniqueName
 0001:0001E95C       Classes.FreeIntConstList
 0001:0001EA90       Classes.FreeObjectInstance
 0001:0001693C       Classes.GetClass
 0001:00017AA4       Classes.GetDesigner
 0001:000168C4       Classes.GetFieldClassTable
 0004:000049CC       Classes.GlobalFixupList
 0001:0001A690       Classes.GlobalFixupReferences
 0005:0000000C       Classes.GlobalLists
 0005:00000008       Classes.GlobalLoaded
 0004:000049B0       Classes.GlobalNameSpace
 0001:00016AB8       Classes.GroupDescendentsWith
 0001:0001BC7C       Classes.HandleException
 0001:0001D694       Classes.HexToBin
 0001:00016CA0       Classes.IdentToInt
 0001:00016F48       Classes.InitComponent
 0001:00016FF0       Classes.InitInheritedComponent
 0001:0001D6EC       Classes.InitThreadSynchronization
 0004:000049E8       Classes.InstBlockList
 0004:000049EC       Classes.InstFreeList
 0004:000049C0       Classes.IntConstList
 0001:00016DE0       Classes.InternalReadComponentRes
 0001:00016CE0       Classes.IntToIdent
 0001:00015E30       Classes.InvalidPoint
 0001:00016DBC       Classes.IsUniqueGlobalComponentName
 0004:000049B4       Classes.IsUniqueGlobalComponentNameProc
 0001:0001E9F8       Classes.MakeObjectInstance
 0001:000176B0       Classes.Min
 0001:0001E9C8       Classes.ModuleUnload
 0003:00000AE4       Classes.NilMethod
 0001:00017B44       Classes.NotifyDesigner
 0001:00016EBC       Classes.NotifyGlobalLoading
 0001:00015DB8       Classes.Point
 0001:000161FC       Classes.PointerInModule
 0001:0001A9B0       Classes.PropertyNotFound
 0001:0001BD7C       Classes.PropPathError
 0001:0001A9A4       Classes.PropValueError
 0001:00019960       Classes.RaiseException
 0001:0001D060       Classes.ReadCustomVariant
 0001:0001A98C       Classes.ReadError
 0001:0001B2F8       Classes.Recover
 0001:00015DE0       Classes.Rect
 0004:000049C4       Classes.RegGroups
 0001:000169B0       Classes.RegisterClass
 0001:00016D24       Classes.RegisterFindGlobalComponentProc
 0001:00016BF8       Classes.RegisterIntegerConsts
 0003:00000AC0       Classes.RemoveDataModule
 0001:0001A85C       Classes.RemoveFixupReferences
 0001:0001A908       Classes.RemoveFixups
 0001:0001ACA0       Classes.RemoveGlobalFixup
 0001:0001D738       Classes.ResetSyncEvent
 0001:00017180       Classes.ReturnAddr
 0001:000185E4       Classes.ReturnAddr
 0001:0001B468       Classes.SetCompName
 0001:0001A9DC       Classes.SetElementValue
 0001:0001C0D4       Classes.SetInterfaceReference
 0001:0001BFF0       Classes.SetIntIdent
 0001:0001C038       Classes.SetObjectIdent
 0001:0001B270       Classes.SetSubComponentState
 0001:0001C078       Classes.SetVariantReference
 0001:0001CB80       Classes.SkipBinary
 0001:0001CBB0       Classes.SkipCollection
 0001:0001CB58       Classes.SkipList
 0001:00015DD0       Classes.SmallPoint
 0001:00016A6C       Classes.StartClassGroup
 0001:0001E9D0       Classes.StdWndProc
 0001:00019788       Classes.StringListCompareStrings
 0004:000049B8       Classes.SyncEvent
 0003:00000B6C       Classes.SyncList
 0001:0001E3C8       Classes.TBasicAction.Change
 0001:0001E25C       Classes.TBasicAction.Create
 0001:0001E2A0       Classes.TBasicAction.Destroy
 0001:0001E334       Classes.TBasicAction.Execute
 0001:0001E304       Classes.TBasicAction.ExecuteTarget
 0001:0001E300       Classes.TBasicAction.HandlesTarget
 0001:0001E308       Classes.TBasicAction.Notification
 0001:0001E3DC       Classes.TBasicAction.RegisterChanges
 0001:0001E428       Classes.TBasicAction.SetActionComponent
 0001:0001E36C       Classes.TBasicAction.SetOnExecute
 0001:0001E3E8       Classes.TBasicAction.UnRegisterChanges
 0001:0001E350       Classes.TBasicAction.Update
 0001:0001E330       Classes.TBasicAction.UpdateTarget
 0001:0001E1AC       Classes.TBasicActionLink.AssignClient
 0001:0001E1E4       Classes.TBasicActionLink.Change
 0001:0001E168       Classes.TBasicActionLink.Create
 0001:0001E1B0       Classes.TBasicActionLink.Destroy
 0001:0001E1FC       Classes.TBasicActionLink.Execute
 0001:0001E244       Classes.TBasicActionLink.IsOnExecuteLinked
 0001:0001E218       Classes.TBasicActionLink.SetAction
 0001:0001E248       Classes.TBasicActionLink.SetOnExecute
 0001:0001E250       Classes.TBasicActionLink.Update
 0001:00017668       Classes.TBits.Destroy
 0001:00017698       Classes.TBits.Error
 0001:0001778C       Classes.TBits.GetBit
 0001:000177A4       Classes.TBits.OpenBit
 0001:00017760       Classes.TBits.SetBit
 0001:000176BC       Classes.TBits.SetSize
 0001:000166E0       Classes.TClassFinder.Create
 0001:0001680C       Classes.TClassFinder.Destroy
 0001:0001683C       Classes.TClassFinder.GetClass
 0001:00017E24       Classes.TCollection.Add
 0001:00018258       Classes.TCollection.Added
 0001:00017E44       Classes.TCollection.Assign
 0001:00017EDC       Classes.TCollection.BeginUpdate
 0001:00017EE0       Classes.TCollection.Changed
 0001:00017EF0       Classes.TCollection.Clear
 0001:00017D8C       Classes.TCollection.Create
 0001:0001825C       Classes.TCollection.Deleting
 0001:00017DD8       Classes.TCollection.Destroy
 0001:00017F58       Classes.TCollection.EndUpdate
 0001:00017F68       Classes.TCollection.GetAttr
 0001:00017F64       Classes.TCollection.GetAttrCount
 0001:00017F94       Classes.TCollection.GetCount
 0001:00017F9C       Classes.TCollection.GetItem
 0001:00017F74       Classes.TCollection.GetItemAttr
 0001:00017FB0       Classes.TCollection.GetNamePath
 0001:00018078       Classes.TCollection.GetPropName
 0001:00018194       Classes.TCollection.InsertItem
 0001:00018260       Classes.TCollection.Notify
 0001:000181FC       Classes.TCollection.RemoveItem
 0001:00018250       Classes.TCollection.SetItemName
 0001:00018254       Classes.TCollection.Update
 0001:00017C10       Classes.TCollectionItem.Changed
 0001:00017BA8       Classes.TCollectionItem.Create
 0001:00017BE0       Classes.TCollectionItem.Destroy
 0001:00017C4C       Classes.TCollectionItem.GetDisplayName
 0001:00017C34       Classes.TCollectionItem.GetIndex
 0001:00017C74       Classes.TCollectionItem.GetNamePath
 0001:00017D28       Classes.TCollectionItem.GetOwner
 0001:00017D2C       Classes.TCollectionItem.SetCollection
 0001:00017D54       Classes.TCollectionItem.SetDisplayName
 0001:00017D5C       Classes.TCollectionItem.SetIndex
 0001:0001DA00       Classes.TComponent.BeforeDestruction
 0001:0001DF38       Classes.TComponent.ChangeName
 0001:0001D938       Classes.TComponent.Create
 0001:0001DCC8       Classes.TComponent.DefineProperties
 0001:0001D984       Classes.TComponent.Destroy
 0001:0001DB90       Classes.TComponent.DestroyComponents
 0001:0001DBEC       Classes.TComponent.Destroying
 0001:0001E074       Classes.TComponent.ExecuteAction
 0001:0001DE58       Classes.TComponent.FindComponent
 0001:0001DA0C       Classes.TComponent.FreeNotification
 0001:0001DD5C       Classes.TComponent.GetChildOwner
 0001:0001DD60       Classes.TComponent.GetChildParent
 0001:0001DD54       Classes.TComponent.GetChildren
 0001:0001DF4C       Classes.TComponent.GetComponent
 0001:0001DF78       Classes.TComponent.GetComponentCount
 0001:0001DD64       Classes.TComponent.GetNamePath
 0001:0001DD78       Classes.TComponent.GetOwner
 0001:0001DD80       Classes.TComponent.GetParentComponent
 0001:0001DD50       Classes.TComponent.HasParent
 0001:0001DAA0       Classes.TComponent.Insert
 0001:0001DAF4       Classes.TComponent.InsertComponent
 0001:0001E164       Classes.TComponent.IntfGetComponent
 0001:0001DDA0       Classes.TComponent.Loaded
 0001:0001DC68       Classes.TComponent.Notification
 0001:0001DDAC       Classes.TComponent.PaletteCreated
 0001:0001E0E4       Classes.TComponent.QueryInterface
 0001:0001DA60       Classes.TComponent.ReadLeft
 0001:0001DDB0       Classes.TComponent.ReadState
 0001:0001DA74       Classes.TComponent.ReadTop
 0001:0001DACC       Classes.TComponent.Remove
 0001:0001DB58       Classes.TComponent.RemoveComponent
 0001:0001DC4C       Classes.TComponent.RemoveFreeNotification
 0001:0001DC28       Classes.TComponent.RemoveNotification
 0001:0001E0C4       Classes.TComponent.SafeCallException
 0001:0001DD7C       Classes.TComponent.SetChildOrder
 0001:0001DF88       Classes.TComponent.SetComponentIndex
 0001:0001DFDC       Classes.TComponent.SetDesigning
 0001:0001DEA8       Classes.TComponent.SetName
 0001:0001DD84       Classes.TComponent.SetParentComponent
 0001:0001E02C       Classes.TComponent.SetReference
 0001:0001E09C       Classes.TComponent.UpdateAction
 0001:0001DD94       Classes.TComponent.Updated
 0001:0001E0DC       Classes.TComponent.UpdateRegistry
 0001:0001DD88       Classes.TComponent.Updating
 0001:0001DE40       Classes.TComponent.ValidateContainer
 0001:0001DE54       Classes.TComponent.ValidateInsert
 0001:0001DDC0       Classes.TComponent.ValidateRename
 0001:0001DA88       Classes.TComponent.WriteLeft
 0001:0001DDB8       Classes.TComponent.WriteState
 0001:0001DA94       Classes.TComponent.WriteTop
 0001:0001E124       Classes.TComponent._AddRef
 0001:0001E144       Classes.TComponent._Release
 0001:00019F1C       Classes.TCustomMemoryStream.Read
 0001:00019F54       Classes.TCustomMemoryStream.Seek
 0001:00019F14       Classes.TCustomMemoryStream.SetPointer
 0001:0001A2C4       Classes.TFiler.Create
 0001:0001A30C       Classes.TFiler.Destroy
 0001:0001A334       Classes.TFiler.SetRoot
 0001:00019D28       Classes.TFileStream.Create
 0001:00019D6C       Classes.TFileStream.Create
 0001:00019EE0       Classes.TFileStream.Destroy
 0001:00019C64       Classes.THandleStream.Create
 0001:00019CA0       Classes.THandleStream.Read
 0001:00019CC0       Classes.THandleStream.Seek
 0001:00019D00       Classes.THandleStream.SetSize
 0001:00019CEC       Classes.THandleStream.SetSize
 0001:00019CB0       Classes.THandleStream.Write
 0004:000049D0       Classes.ThreadLock
 0001:00016BC0       Classes.TIntConst.Create
 0001:000179EC       Classes.TInterfacedPersistent.AfterConstruction
 0001:00017A7C       Classes.TInterfacedPersistent.QueryInterface
 0001:00017A3C       Classes.TInterfacedPersistent._AddRef
 0001:00017A5C       Classes.TInterfacedPersistent._Release
 0001:000170D8       Classes.TList.Add
 0001:0001710C       Classes.TList.Clear
 0001:00017124       Classes.TList.Delete
 0001:000170B8       Classes.TList.Destroy
 0001:00017184       Classes.TList.Error
 0001:000171BC       Classes.TList.Error
 0001:00017210       Classes.TList.Expand
 0001:00017228       Classes.TList.First
 0001:00017230       Classes.TList.Get
 0001:00017258       Classes.TList.Grow
 0001:0001728C       Classes.TList.IndexOf
 0001:000172AC       Classes.TList.Insert
 0001:00017318       Classes.TList.Last
 0001:00017324       Classes.TList.Move
 0001:0001749C       Classes.TList.Notify
 0001:0001737C       Classes.TList.Put
 0001:000173CC       Classes.TList.Remove
 0001:000173EC       Classes.TList.SetCapacity
 0001:00017428       Classes.TList.SetCount
 0001:00019FA4       Classes.TMemoryStream.Clear
 0001:00019F78       Classes.TMemoryStream.Destroy
 0001:00019FBC       Classes.TMemoryStream.LoadFromStream
 0001:0001A048       Classes.TMemoryStream.Realloc
 0001:00019FF4       Classes.TMemoryStream.SetCapacity
 0001:0001A01C       Classes.TMemoryStream.SetSize
 0001:0001A0C8       Classes.TMemoryStream.Write
 0001:00017848       Classes.TPersistent.Assign
 0001:0001785C       Classes.TPersistent.AssignError
 0001:0001792C       Classes.TPersistent.AssignTo
 0001:00017934       Classes.TPersistent.DefineProperties
 0001:0001781C       Classes.TPersistent.Destroy
 0001:00017938       Classes.TPersistent.GetNamePath
 0001:000179E8       Classes.TPersistent.GetOwner
 0001:0001A410       Classes.TPropFixup.Create
 0001:0001A468       Classes.TPropFixup.MakeGlobalReference
 0001:0001A4B0       Classes.TPropFixup.ResolveReference
 0001:0001A4C0       Classes.TPropIntfFixup.ResolveReference
 0001:0001AA30       Classes.TReader.CheckValue
 0001:0001AA90       Classes.TReader.DefineBinaryProperty
 0001:0001AA54       Classes.TReader.DefineProperty
 0001:0001A9F4       Classes.TReader.Destroy
 0001:0001AD1C       Classes.TReader.DoFixupReferences
 0001:0001AB78       Classes.TReader.EndOfList
 0001:0001AB8C       Classes.TReader.Error
 0001:0001CEAC       Classes.TReader.FindAncestorComponent
 0001:0001CFA4       Classes.TReader.FindComponentClass
 0001:0001AC38       Classes.TReader.FindMethod
 0001:0001ABB0       Classes.TReader.FindMethodInstance
 0001:0001AE60       Classes.TReader.FlushBuffer
 0001:0001AE84       Classes.TReader.FreeFixups
 0001:0001AEC0       Classes.TReader.GetFieldClass
 0001:0001AF58       Classes.TReader.GetPosition
 0001:0001AF70       Classes.TReader.NextValue
 0001:0001AF80       Classes.TReader.PropertyError
 0001:0001AF94       Classes.TReader.Read
 0001:0001B01C       Classes.TReader.ReadBoolean
 0001:0001AFE0       Classes.TReader.ReadBuffer
 0001:0001B030       Classes.TReader.ReadChar
 0001:0001B0EC       Classes.TReader.ReadCollection
 0001:0001B5AC       Classes.TReader.ReadComponent
 0001:0001B9EC       Classes.TReader.ReadCurrency
 0001:0001B7EC       Classes.TReader.ReadData
 0001:0001B85C       Classes.TReader.ReadDataInner
 0001:0001BA3C       Classes.TReader.ReadDate
 0001:0001B964       Classes.TReader.ReadDouble
 0001:0001B92C       Classes.TReader.ReadFloat
 0001:0001BA80       Classes.TReader.ReadIdent
 0001:0001BBE8       Classes.TReader.ReadInt64
 0001:0001BB7C       Classes.TReader.ReadInteger
 0001:0001BC2C       Classes.TReader.ReadListBegin
 0001:0001BC34       Classes.TReader.ReadListEnd
 0001:0001BC3C       Classes.TReader.ReadPrefix
 0001:0001BD98       Classes.TReader.ReadProperty
 0001:0001C194       Classes.TReader.ReadPropValue
 0001:0001C50C       Classes.TReader.ReadRootComponent
 0001:0001C840       Classes.TReader.ReadSet
 0001:0001C8FC       Classes.TReader.ReadSignature
 0001:0001B9A8       Classes.TReader.ReadSingle
 0001:0001C920       Classes.TReader.ReadStr
 0001:0001C95C       Classes.TReader.ReadString
 0001:0001CAFC       Classes.TReader.ReadValue
 0001:0001D228       Classes.TReader.ReadVariant
 0001:0001B090       Classes.TReader.ReadWideChar
 0001:0001CA18       Classes.TReader.ReadWideString
 0001:0001CF64       Classes.TReader.ReferenceName
 0001:0001CF7C       Classes.TReader.SetName
 0001:0001D018       Classes.TReader.SkipBytes
 0001:0001CE04       Classes.TReader.SkipComponent
 0001:0001CDBC       Classes.TReader.SkipProperty
 0001:0001CB10       Classes.TReader.SkipSetBody
 0001:0001CC0C       Classes.TReader.SkipValue
 0001:00015EF4       Classes.TRegGroup.AddClass
 0001:00015F00       Classes.TRegGroup.BestClass
 0001:00015F60       Classes.TRegGroup.BestGroup
 0001:00015FD0       Classes.TRegGroup.Create
 0001:0001602C       Classes.TRegGroup.Destroy
 0001:0001606C       Classes.TRegGroup.GetClass
 0001:000160D4       Classes.TRegGroup.InGroup
 0001:00016118       Classes.TRegGroup.RegisterClass
 0001:000161D8       Classes.TRegGroup.Registered
 0001:0001621C       Classes.TRegGroup.UnregisterModuleClasses
 0001:000162C8       Classes.TRegGroups.Activate
 0001:00016314       Classes.TRegGroups.Create
 0001:00016388       Classes.TRegGroups.Destroy
 0001:000163E8       Classes.TRegGroups.FindGroup
 0001:0001642C       Classes.TRegGroups.GetClass
 0001:00016500       Classes.TRegGroups.GroupWith
 0001:000165CC       Classes.TRegGroups.Lock
 0001:000165D8       Classes.TRegGroups.RegisterClass
 0001:000165F0       Classes.TRegGroups.Registered
 0001:00016634       Classes.TRegGroups.StartGroup
 0001:00016684       Classes.TRegGroups.Unlock
 0001:00016690       Classes.TRegGroups.UnregisterModuleClasses
 0001:0001A118       Classes.TResourceStream.Create
 0001:0001A27C       Classes.TResourceStream.Destroy
 0001:0001A210       Classes.TResourceStream.Initialize
 0001:0001A2AC       Classes.TResourceStream.Write
 0001:00019B10       Classes.TStream.CopyFrom
 0001:00019874       Classes.TStream.GetPosition
 0001:000198A8       Classes.TStream.GetSize
 0001:00019AA0       Classes.TStream.ReadBuffer
 0001:00019C04       Classes.TStream.ReadComponent
 0001:00019A30       Classes.TStream.Seek
 0001:000199AC       Classes.TStream.Seek
 0001:00019894       Classes.TStream.SetPosition
 0001:000198F4       Classes.TStream.SetSize
 0001:0001990C       Classes.TStream.SetSize
 0001:000198F8       Classes.TStream.SetSize64
 0001:00019AD8       Classes.TStream.WriteBuffer
 0001:0001E944       Classes.TStreamAdapter.Clone
 0001:0001E898       Classes.TStreamAdapter.Commit
 0001:0001E690       Classes.TStreamAdapter.CopyTo
 0001:0001E454       Classes.TStreamAdapter.Create
 0001:0001E4A0       Classes.TStreamAdapter.Destroy
 0001:0001E8B0       Classes.TStreamAdapter.LockRegion
 0001:0001E4D8       Classes.TStreamAdapter.Read
 0001:0001E8A4       Classes.TStreamAdapter.Revert
 0001:0001E5A8       Classes.TStreamAdapter.Seek
 0001:0001E62C       Classes.TStreamAdapter.SetSize
 0001:0001E8C8       Classes.TStreamAdapter.Stat
 0001:0001E8BC       Classes.TStreamAdapter.UnlockRegion
 0001:0001E540       Classes.TStreamAdapter.Write
 0001:000191F4       Classes.TStringList.Add
 0001:00019204       Classes.TStringList.AddObject
 0001:00019268       Classes.TStringList.Changed
 0001:00019284       Classes.TStringList.Changing
 0001:000192A0       Classes.TStringList.Clear
 0001:000197F0       Classes.TStringList.CompareStrings
 0001:000197B8       Classes.TStringList.CustomSort
 0001:000192E0       Classes.TStringList.Delete
 0001:00019198       Classes.TStringList.Destroy
 0001:0001934C       Classes.TStringList.Exchange
 0001:000193A8       Classes.TStringList.ExchangeItems
 0001:000193CC       Classes.TStringList.Find
 0001:00019450       Classes.TStringList.Get
 0001:00019484       Classes.TStringList.GetCapacity
 0001:00019488       Classes.TStringList.GetCount
 0001:0001948C       Classes.TStringList.GetObject
 0001:000194B4       Classes.TStringList.Grow
 0001:000194E8       Classes.TStringList.IndexOf
 0001:00019524       Classes.TStringList.Insert
 0001:00019588       Classes.TStringList.InsertItem
 0001:00019534       Classes.TStringList.InsertObject
 0001:00019604       Classes.TStringList.Put
 0001:00019660       Classes.TStringList.PutObject
 0001:000196A0       Classes.TStringList.QuickSort
 0001:00019734       Classes.TStringList.SetCapacity
 0001:00019750       Classes.TStringList.SetSorted
 0001:00019770       Classes.TStringList.SetUpdateState
 0001:000197A8       Classes.TStringList.Sort
 0001:000182B4       Classes.TStrings.Add
 0001:000182D8       Classes.TStrings.AddObject
 0001:000182FC       Classes.TStrings.AddStrings
 0001:000183B4       Classes.TStrings.Assign
 0001:0001846C       Classes.TStrings.BeginUpdate
 0001:00019120       Classes.TStrings.CompareStrings
 0001:000184DC       Classes.TStrings.DefineProperties
 0001:00018284       Classes.TStrings.Destroy
 0001:00018528       Classes.TStrings.EndUpdate
 0001:0001853C       Classes.TStrings.Equals
 0001:00018620       Classes.TStrings.Error
 0001:000185E8       Classes.TStrings.Error
 0001:00018678       Classes.TStrings.Exchange
 0001:00018764       Classes.TStrings.GetCapacity
 0001:000190C0       Classes.TStrings.GetLineBreak
 0001:00019164       Classes.TStrings.GetNameValueSeparator
 0001:0001876C       Classes.TStrings.GetObject
 0001:00018770       Classes.TStrings.GetText
 0001:000187C4       Classes.TStrings.GetTextStr
 0001:000188FC       Classes.TStrings.IndexOf
 0001:00018988       Classes.TStrings.IndexOfName
 0001:00018A5C       Classes.TStrings.IndexOfObject
 0001:00018A90       Classes.TStrings.InsertObject
 0001:00018AC0       Classes.TStrings.LoadFromFile
 0001:00018B14       Classes.TStrings.LoadFromStream
 0001:00018BC0       Classes.TStrings.Move
 0001:00018C70       Classes.TStrings.Put
 0001:00018CA0       Classes.TStrings.PutObject
 0001:00018CA4       Classes.TStrings.ReadData
 0001:00018D54       Classes.TStrings.SaveToFile
 0001:00018DAC       Classes.TStrings.SaveToStream
 0001:00018E0C       Classes.TStrings.SetCapacity
 0001:000190F4       Classes.TStrings.SetLineBreak
 0001:0001917C       Classes.TStrings.SetNameValueSeparator
 0001:00018E10       Classes.TStrings.SetStringsAdapter
 0001:00018E44       Classes.TStrings.SetText
 0001:00018E94       Classes.TStrings.SetTextStr
 0001:00019038       Classes.TStrings.SetUpdateState
 0001:0001903C       Classes.TStrings.WriteData
 0001:00017570       Classes.TThreadList.Add
 0001:000174A0       Classes.TThreadList.Create
 0001:000174F4       Classes.TThreadList.Destroy
 0001:000175F8       Classes.TThreadList.LockList
 0001:0001760C       Classes.TThreadList.Remove
 0001:0001765C       Classes.TThreadList.UnlockList
 0001:0001D448       Classes.TWriter.Write
 0001:0001D4AC       Classes.TWriter.WriteBoolean
 0001:0001D494       Classes.TWriter.WriteBuffer
 0001:0001D4C0       Classes.TWriter.WriteInteger
 0001:0001D534       Classes.TWriter.WriteListBegin
 0001:0001D53C       Classes.TWriter.WriteListEnd
 0001:0001D544       Classes.TWriter.WriteMinStr
 0001:0001D5F0       Classes.TWriter.WriteString
 0001:0001D644       Classes.TWriter.WriteValue
 0001:00016D64       Classes.UnregisterFindGlobalComponentProc
 0001:00016A20       Classes.UnRegisterModuleClasses
 0003:00000B74       Classes.UtilWindowClass
 0001:0001D744       Classes.WaitForSyncEvent
 0003:00000AD8       Classes.WakeMainThread
 0004:00005E48       ClientSession..2
 0001:0008AD9C       ClientSession..TSessionObj
 0001:0008B9C4       ClientSession.CleanupUserList
 0002:00000898       ClientSession.ClientSession
 0004:00005E40       ClientSession.enterCount
 0001:0008B98C       ClientSession.FillUserList
 0001:0008B9D8       ClientSession.Finalization
 0004:00005E44       ClientSession.gDeny
 0003:00001AC4       ClientSession.g_pFillUserObj
 0004:00004DE0       ClientSession.g_UserList
 0001:0008ADF4       ClientSession.TSessionObj.Create
 0001:0008AE50       ClientSession.TSessionObj.Destroy
 0001:0008AF9C       ClientSession.TSessionObj.ProcessCltData
 0001:0008B620       ClientSession.TSessionObj.ProcessSvrData
 0001:0008B96C       ClientSession.TSessionObj.ReCreate
 0001:0008AE78       ClientSession.TSessionObj.SendDefMessage
 0001:0008B650       ClientSession.TSessionObj.UserEnter
 0001:0008B72C       ClientSession.TSessionObj.UserLeave
 0001:0007F82C       ClientThread..TClientThread
 0001:0007F8A4       ClientThread.TClientThread.CleanupClientSocket
 0001:0007F9C4       ClientThread.TClientThread.CloseEvent
 0001:0007F9E8       ClientThread.TClientThread.ConnectEvent
 0001:0007FB78       ClientThread.TClientThread.Create
 0001:0007FC58       ClientThread.TClientThread.Destroy
 0001:0007FCD0       ClientThread.TClientThread.DoActive
 0001:0007FD0C       ClientThread.TClientThread.GetEvents
 0001:0007FD24       ClientThread.TClientThread.HandleError
 0001:0007FDE4       ClientThread.TClientThread.InitClientSocket
 0001:0007FEA4       ClientThread.TClientThread.ReadData
 0001:00080348       ClientThread.TClientThread.ReaderDone
 0001:0007FFF0       ClientThread.TClientThread.ReadEvent
 0001:0008003C       ClientThread.TClientThread.Run
 0001:00080130       ClientThread.TClientThread.SafeSend
 0001:0008025C       ClientThread.TClientThread.SendBuffer
 0001:00080298       ClientThread.TClientThread.SetActive
 0001:00080324       ClientThread.TClientThread.SetDisconnectConnect
 0001:000802B4       ClientThread.TClientThread.SetServerIP
 0001:000802DC       ClientThread.TClientThread.SetServerPort
 0001:000802EC       ClientThread.TClientThread.WriteEvent
 0004:00004BB4       Clipbrd..2
 0001:00039A5C       Clipbrd..TClipboard
 0004:00004BB2       Clipbrd.CF_COMPONENT
 0004:00004BB0       Clipbrd.CF_PICTURE
 0001:00039FBC       Clipbrd.Clipboard
 0002:000004E8       Clipbrd.Clipbrd
 0004:00004BB8       Clipbrd.FClipboard
 0001:0003A06C       Clipbrd.Finalization
 0001:00039B38       Clipbrd.TClipboard.Adding
 0001:00039F70       Clipbrd.TClipboard.Assign
 0001:00039EEC       Clipbrd.TClipboard.AssignGraphic
 0001:00039E68       Clipbrd.TClipboard.AssignPicture
 0001:00039E00       Clipbrd.TClipboard.AssignTo
 0001:00039D34       Clipbrd.TClipboard.AssignToBitmap
 0001:00039D9C       Clipbrd.TClipboard.AssignToMetafile
 0001:00039C7C       Clipbrd.TClipboard.AssignToPicture
 0001:00039AF4       Clipbrd.TClipboard.Clear
 0001:00039B54       Clipbrd.TClipboard.Close
 0001:0003A038       Clipbrd.TClipboard.Destroy
 0001:00039BFC       Clipbrd.TClipboard.GetAsText
 0001:00039FDC       Clipbrd.TClipboard.MainWndProc
 0001:00039B80       Clipbrd.TClipboard.Open
 0001:00039BDC       Clipbrd.TClipboard.WndProc
 0004:00004D2C       ComCtrls..76
 0001:0007A824       ComCtrls..TConversion
 0001:00079578       ComCtrls..TCustomStatusBar
 0001:000780A0       ComCtrls..TCustomTabControl
 0001:000788BC       ComCtrls..TPageControl
 0001:000797B4       ComCtrls..TStatusBar
 0001:000792C0       ComCtrls..TStatusPanel
 0001:00079464       ComCtrls..TStatusPanels
 0001:0007825C       ComCtrls..TTabSheet
 0001:0007A938       ComCtrls..TTabStrings
 0001:0007A084       ComCtrls..TTrackBar
 0003:00001954       ComCtrls.AlignStyles
 0003:000019C4       ComCtrls.APositionToolTip
 0003:000019B8       ComCtrls.ATickMarks
 0002:000007B0       ComCtrls.ComCtrls
 0001:0007EB7C       ComCtrls.Finalization
 0004:00004D34       ComCtrls.FRichEditModule
 0003:00001988       ComCtrls.GripStyles
 0001:0007A8C4       ComCtrls.InitCommonControl
 0003:00001998       ComCtrls.OrientationStyle
 0003:00001980       ComCtrls.RRStyles
 0003:00001924       ComCtrls.RTFConversionFormat
 0003:00001944       ComCtrls.RTL
 0003:0000193C       ComCtrls.RTL
 0003:0000194C       ComCtrls.RTL
 0003:00001990       ComCtrls.RTLReading
 0001:0007A8F0       ComCtrls.SetComCtlStyle
 0004:00004D30       ComCtrls.ShellModule
 0001:0007AA38       ComCtrls.TabControlError
 0003:00001974       ComCtrls.TabStyles
 0001:0007EB24       ComCtrls.TConversion.ConvertReadStream
 0001:0007EB38       ComCtrls.TConversion.ConvertWriteStream
 0001:0007DF58       ComCtrls.TCustomStatusBar.ChangeScale
 0001:0007D778       ComCtrls.TCustomStatusBar.CMBiDiModeChanged
 0001:0007DE78       ComCtrls.TCustomStatusBar.CMColorChanged
 0001:0007DE8C       ComCtrls.TCustomStatusBar.CMParentFontChanged
 0001:0007DF30       ComCtrls.TCustomStatusBar.CMSysColorChange
 0001:0007DF44       ComCtrls.TCustomStatusBar.CMSysFontChanged
 0001:0007DCA0       ComCtrls.TCustomStatusBar.CMWinIniChange
 0001:0007DCC8       ComCtrls.TCustomStatusBar.CNDrawItem
 0001:0007D3E0       ComCtrls.TCustomStatusBar.Create
 0001:0007E03C       ComCtrls.TCustomStatusBar.CreatePanel
 0001:0007E078       ComCtrls.TCustomStatusBar.CreatePanels
 0001:0007D4D4       ComCtrls.TCustomStatusBar.CreateParams
 0001:0007D558       ComCtrls.TCustomStatusBar.CreateWnd
 0001:0007D498       ComCtrls.TCustomStatusBar.Destroy
 0001:0007D5E0       ComCtrls.TCustomStatusBar.DoHint
 0001:0007D680       ComCtrls.TCustomStatusBar.DoRightToLeftAlignment
 0001:0007D604       ComCtrls.TCustomStatusBar.DrawPanel
 0001:0007DEB0       ComCtrls.TCustomStatusBar.ExecuteAction
 0001:0007D7F0       ComCtrls.TCustomStatusBar.FlipChildren
 0001:0007E088       ComCtrls.TCustomStatusBar.GetPanelClass
 0001:0007DE2C       ComCtrls.TCustomStatusBar.IsFontStored
 0001:0007DF80       ComCtrls.TCustomStatusBar.SetBounds
 0001:0007D634       ComCtrls.TCustomStatusBar.SetPanels
 0001:0007DFA4       ComCtrls.TCustomStatusBar.SetParent
 0001:0007D644       ComCtrls.TCustomStatusBar.SetSimplePanel
 0001:0007D74C       ComCtrls.TCustomStatusBar.SetSimpleText
 0001:0007D9B0       ComCtrls.TCustomStatusBar.SetSizeGrip
 0001:0007DE48       ComCtrls.TCustomStatusBar.SetUseSystemFont
 0001:0007D9C8       ComCtrls.TCustomStatusBar.SyncToSystemFont
 0001:0007D9F8       ComCtrls.TCustomStatusBar.UpdatePanel
 0001:0007DB84       ComCtrls.TCustomStatusBar.UpdatePanels
 0001:0007D6E8       ComCtrls.TCustomStatusBar.UpdateSimpleText
 0001:0007DFAC       ComCtrls.TCustomStatusBar.ValidateSizeGrip
 0001:0007E090       ComCtrls.TCustomStatusBar.WMEraseBkGnd
 0001:0007DDD4       ComCtrls.TCustomStatusBar.WMGetTextLength
 0001:0007DDE8       ComCtrls.TCustomStatusBar.WMPaint
 0001:0007DE08       ComCtrls.TCustomStatusBar.WMSize
 0001:0007BCBC       ComCtrls.TCustomTabControl.AdjustClientRect
 0001:0007B0CC       ComCtrls.TCustomTabControl.CanChange
 0001:0007B0F8       ComCtrls.TCustomTabControl.CanShowTab
 0001:0007B0FC       ComCtrls.TCustomTabControl.Change
 0001:0007BBD8       ComCtrls.TCustomTabControl.CMDialogChar
 0001:0007BB38       ComCtrls.TCustomTabControl.CMFontChanged
 0001:0007BB60       ComCtrls.TCustomTabControl.CMSysColorChange
 0001:0007BB88       ComCtrls.TCustomTabControl.CMTabStopChanged
 0001:0007B970       ComCtrls.TCustomTabControl.CNDrawItem
 0001:0007BB94       ComCtrls.TCustomTabControl.CNNotify
 0001:0007AFB8       ComCtrls.TCustomTabControl.Create
 0001:0007B11C       ComCtrls.TCustomTabControl.CreateParams
 0001:0007B224       ComCtrls.TCustomTabControl.CreateWnd
 0001:0007B078       ComCtrls.TCustomTabControl.Destroy
 0001:0007B2AC       ComCtrls.TCustomTabControl.DrawTab
 0001:0007B2E8       ComCtrls.TCustomTabControl.GetDisplayRect
 0001:0007B31C       ComCtrls.TCustomTabControl.GetImageIndex
 0001:0007B344       ComCtrls.TCustomTabControl.GetTabIndex
 0001:0007BD70       ComCtrls.TCustomTabControl.GetTabs
 0001:0007B430       ComCtrls.TCustomTabControl.ImageListChange
 0001:0007B450       ComCtrls.TCustomTabControl.InternalSetMultiLine
 0001:0007B360       ComCtrls.TCustomTabControl.Loaded
 0001:0007B390       ComCtrls.TCustomTabControl.Notification
 0001:0007B37C       ComCtrls.TCustomTabControl.SetHotTrack
 0001:0007B3C0       ComCtrls.TCustomTabControl.SetImages
 0001:0007B4E0       ComCtrls.TCustomTabControl.SetMultiLine
 0001:0007B500       ComCtrls.TCustomTabControl.SetOwnerDraw
 0001:0007B514       ComCtrls.TCustomTabControl.SetRaggedRight
 0001:0007B530       ComCtrls.TCustomTabControl.SetScrollOpposite
 0001:0007B550       ComCtrls.TCustomTabControl.SetStyle
 0001:0007B5E0       ComCtrls.TCustomTabControl.SetTabHeight
 0001:0007B68C       ComCtrls.TCustomTabControl.SetTabIndex
 0001:0007B6B0       ComCtrls.TCustomTabControl.SetTabPosition
 0001:0007B748       ComCtrls.TCustomTabControl.SetTabWidth
 0001:0007B80C       ComCtrls.TCustomTabControl.TabsChanged
 0001:0007BCEC       ComCtrls.TCustomTabControl.TCMAdjustRect
 0001:0007B874       ComCtrls.TCustomTabControl.UpdateTabImages
 0001:0007B84C       ComCtrls.TCustomTabControl.UpdateTabSize
 0001:0007BA64       ComCtrls.TCustomTabControl.WMDestroy
 0001:0007BAF4       ComCtrls.TCustomTabControl.WMNotifyFormat
 0001:0007BB18       ComCtrls.TCustomTabControl.WMSize
 0003:00001930       ComCtrls.TextConversionFormat
 0003:000019A0       ComCtrls.TickStyles
 0001:0007C490       ComCtrls.TPageControl.CanShowTab
 0001:0007C4B4       ComCtrls.TPageControl.Change
 0001:0007C4FC       ComCtrls.TPageControl.ChangeActivePage
 0001:0007CBBC       ComCtrls.TPageControl.CMDesignHitTest
 0001:0007CC28       ComCtrls.TPageControl.CMDialogKey
 0001:0007CC94       ComCtrls.TPageControl.CMDockClient
 0001:0007CE30       ComCtrls.TPageControl.CMDockNotification
 0001:0007CF08       ComCtrls.TPageControl.CMUnDockClient
 0001:0007C388       ComCtrls.TPageControl.Create
 0001:0007C604       ComCtrls.TPageControl.DeleteTab
 0001:0007C3DC       ComCtrls.TPageControl.Destroy
 0001:0007C660       ComCtrls.TPageControl.DoAddDockClient
 0001:0007C67C       ComCtrls.TPageControl.DockOver
 0001:0007C6D0       ComCtrls.TPageControl.DoRemoveDockClient
 0001:0007C704       ComCtrls.TPageControl.FindNextPage
 0001:0007C78C       ComCtrls.TPageControl.GetChildren
 0001:0007CF34       ComCtrls.TPageControl.GetDockClientFromMousePos
 0001:0007C7CC       ComCtrls.TPageControl.GetImageIndex
 0001:0007C898       ComCtrls.TPageControl.GetPage
 0001:0007C8B0       ComCtrls.TPageControl.GetPageCount
 0001:0007C848       ComCtrls.TPageControl.GetPageFromDockClient
 0001:0007C8BC       ComCtrls.TPageControl.GetSiteInfo
 0001:0007C900       ComCtrls.TPageControl.InsertPage
 0001:0007C924       ComCtrls.TPageControl.InsertTab
 0001:0007C47C       ComCtrls.TPageControl.Loaded
 0001:0007C990       ComCtrls.TPageControl.MoveTab
 0001:0007D12C       ComCtrls.TPageControl.PageIndexFromTabIndex
 0001:0007C9B0       ComCtrls.TPageControl.RemovePage
 0001:0007CA00       ComCtrls.TPageControl.SelectNextPage
 0001:0007CA4C       ComCtrls.TPageControl.SetActivePage
 0001:0007D064       ComCtrls.TPageControl.SetActivePageIndex
 0001:0007CAE0       ComCtrls.TPageControl.SetChildOrder
 0001:0007D09C       ComCtrls.TPageControl.SetTabIndex
 0001:0007CAEC       ComCtrls.TPageControl.ShowControl
 0001:0007CB80       ComCtrls.TPageControl.UpdateActivePage
 0001:0007CB20       ComCtrls.TPageControl.UpdateTab
 0001:0007C43C       ComCtrls.TPageControl.UpdateTabHighlights
 0001:0007D0F4       ComCtrls.TPageControl.WMEraseBkGnd
 0001:0007D018       ComCtrls.TPageControl.WMLButtonDblClk
 0001:0007CFC4       ComCtrls.TPageControl.WMLButtonDown
 0001:0007EB4C       ComCtrls.TStatusBar.GetOnDrawPanel
 0001:0007EB60       ComCtrls.TStatusBar.SetOnDrawPanel
 0001:0007D1A8       ComCtrls.TStatusPanel.Assign
 0001:0007D15C       ComCtrls.TStatusPanel.Create
 0001:0007D2A0       ComCtrls.TStatusPanel.GetDisplayName
 0001:0007D21C       ComCtrls.TStatusPanel.IsBiDiModeStored
 0001:0007D234       ComCtrls.TStatusPanel.ParentBiDiModeChanged
 0001:0007D2C4       ComCtrls.TStatusPanel.SetAlignment
 0001:0007D2D4       ComCtrls.TStatusPanel.SetBevel
 0001:0007D208       ComCtrls.TStatusPanel.SetBiDiMode
 0001:0007D224       ComCtrls.TStatusPanel.SetParentBiDiMode
 0001:0007D2E4       ComCtrls.TStatusPanel.SetStyle
 0001:0007D2F4       ComCtrls.TStatusPanel.SetText
 0001:0007D31C       ComCtrls.TStatusPanel.SetWidth
 0001:0007D288       ComCtrls.TStatusPanel.UseRightToLeftAlignment
 0001:0007D270       ComCtrls.TStatusPanel.UseRightToLeftReading
 0001:0007D38C       ComCtrls.TStatusPanels.Add
 0001:0007D32C       ComCtrls.TStatusPanels.Create
 0001:0007D398       ComCtrls.TStatusPanels.GetItem
 0001:0007D3AC       ComCtrls.TStatusPanels.GetOwner
 0001:0007D3B0       ComCtrls.TStatusPanels.Update
 0001:0007C0E4       ComCtrls.TTabSheet.CMShowingChanged
 0001:0007C0CC       ComCtrls.TTabSheet.CMTextChanged
 0001:0007BD84       ComCtrls.TTabSheet.Create
 0001:0007BEE4       ComCtrls.TTabSheet.CreateParams
 0001:0007BDEC       ComCtrls.TTabSheet.Destroy
 0001:0007BE38       ComCtrls.TTabSheet.DoHide
 0001:0007BE58       ComCtrls.TTabSheet.DoShow
 0001:0007BE78       ComCtrls.TTabSheet.GetPageIndex
 0001:0007BE94       ComCtrls.TTabSheet.GetTabIndex
 0001:0007BF00       ComCtrls.TTabSheet.ReadState
 0001:0007C18C       ComCtrls.TTabSheet.SetHighlighted
 0001:0007BF34       ComCtrls.TTabSheet.SetImageIndex
 0001:0007BF5C       ComCtrls.TTabSheet.SetPageControl
 0001:0007BF90       ComCtrls.TTabSheet.SetPageIndex
 0001:0007C024       ComCtrls.TTabSheet.SetTabShowing
 0001:0007C068       ComCtrls.TTabSheet.SetTabVisible
 0001:0007C07C       ComCtrls.TTabSheet.UpdateControlOriginalParentSize
 0001:0007C0AC       ComCtrls.TTabSheet.UpdateTabShowing
 0001:0007C228       ComCtrls.TTabSheet.WMNCPaint
 0001:0007C340       ComCtrls.TTabSheet.WMPrintClient
 0001:0007AA50       ComCtrls.TTabStrings.Clear
 0001:0007AAC0       ComCtrls.TTabStrings.Delete
 0001:0007AB5C       ComCtrls.TTabStrings.Get
 0001:0007AC54       ComCtrls.TTabStrings.GetCount
 0001:0007AC70       ComCtrls.TTabStrings.GetObject
 0001:0007AE90       ComCtrls.TTabStrings.Insert
 0001:0007AD10       ComCtrls.TTabStrings.Put
 0001:0007ADF0       ComCtrls.TTabStrings.PutObject
 0001:0007AF70       ComCtrls.TTabStrings.SetUpdateState
 0001:0007E8A4       ComCtrls.TTrackBar.Changed
 0001:0007E3EC       ComCtrls.TTrackBar.CNHScroll
 0001:0007E8C4       ComCtrls.TTrackBar.CNNotify
 0001:0007E42C       ComCtrls.TTrackBar.CNVScroll
 0001:0007E0F0       ComCtrls.TTrackBar.Create
 0001:0007E1D4       ComCtrls.TTrackBar.CreateParams
 0001:0007E2D8       ComCtrls.TTrackBar.CreateWnd
 0001:0007E3E4       ComCtrls.TTrackBar.DestroyWnd
 0001:0007E46C       ComCtrls.TTrackBar.GetThumbLength
 0001:0007E6C0       ComCtrls.TTrackBar.SetFrequency
 0001:0007E724       ComCtrls.TTrackBar.SetLineSize
 0001:0007E6A8       ComCtrls.TTrackBar.SetMax
 0001:0007E68C       ComCtrls.TTrackBar.SetMin
 0001:0007E49C       ComCtrls.TTrackBar.SetOrientation
 0001:0007E760       ComCtrls.TTrackBar.SetPageSize
 0001:0007E4F0       ComCtrls.TTrackBar.SetParams
 0001:0007E678       ComCtrls.TTrackBar.SetPosition
 0001:0007E79C       ComCtrls.TTrackBar.SetPositionToolTip
 0001:0007E890       ComCtrls.TTrackBar.SetSelEnd
 0001:0007E87C       ComCtrls.TTrackBar.SetSelStart
 0001:0007E804       ComCtrls.TTrackBar.SetShowSelRange
 0001:0007E7F0       ComCtrls.TTrackBar.SetSliderVisible
 0001:0007E7B8       ComCtrls.TTrackBar.SetThumbLength
 0001:0007E710       ComCtrls.TTrackBar.SetTickMarks
 0001:0007E6FC       ComCtrls.TTrackBar.SetTickStyle
 0001:0007E818       ComCtrls.TTrackBar.UpdateSelection
 0001:0007EA98       ComCtrls.TTrackBar.WMEraseBkGnd
 0004:00004A2C       CommCtrl.ComCtl32DLL
 0001:0002085C       CommCtrl.ImageList_Add
 0001:00020894       CommCtrl.ImageList_BeginDrag
 0001:00020844       CommCtrl.ImageList_Create
 0001:0002084C       CommCtrl.ImageList_Destroy
 0001:000208A4       CommCtrl.ImageList_DragEnter
 0001:000208AC       CommCtrl.ImageList_DragLeave
 0001:000208B4       CommCtrl.ImageList_DragMove
 0001:000208BC       CommCtrl.ImageList_DragShowNolock
 0001:00020874       CommCtrl.ImageList_Draw
 0001:00020884       CommCtrl.ImageList_DrawEx
 0001:0002089C       CommCtrl.ImageList_EndDrag
 0001:0002086C       CommCtrl.ImageList_GetBkColor
 0001:000208C4       CommCtrl.ImageList_GetDragImage
 0001:000208DC       CommCtrl.ImageList_GetIconSize
 0001:00020854       CommCtrl.ImageList_GetImageCount
 0001:000208CC       CommCtrl.ImageList_Read
 0001:0002088C       CommCtrl.ImageList_Remove
 0001:0002087C       CommCtrl.ImageList_Replace
 0001:00020864       CommCtrl.ImageList_SetBkColor
 0001:000208E4       CommCtrl.ImageList_SetIconSize
 0001:000208D4       CommCtrl.ImageList_Write
 0001:000207B0       CommCtrl.InitComCtl
 0001:000207A8       CommCtrl.InitCommonControls
 0001:00020810       CommCtrl.InitCommonControlsEx
 0004:00004A30       CommCtrl._InitCommonControlsEx
 0001:000208EC       CommCtrl._TrackMouseEvent
 0004:00004CD4       ComObj..41
 0001:00074378       ComObj..EOleError
 0001:0007442C       ComObj..EOleException
 0001:000743D0       ComObj..EOleSysError
 0001:00074EB4       ComObj.ClearExcepInfo
 0003:00001894       ComObj.CoAddRefServerProcess
 0003:0000188C       ComObj.CoCreateInstanceEx
 0003:000018A4       ComObj.CoInitFlags
 0003:00001890       ComObj.CoInitializeEx
 0004:00004CDC       ComObj.ComClassManagerVar
 0002:0000070C       ComObj.ComObj
 0003:00001898       ComObj.CoReleaseServerProcess
 0003:0000189C       ComObj.CoResumeClassObjects
 0003:000018A0       ComObj.CoSuspendClassObjects
 0001:000748D0       ComObj.DispatchInvoke
 0001:00074EA8       ComObj.DispatchInvokeError
 0001:00074EC4       ComObj.DispCall
 0001:00074FA8       ComObj.DispCallByID
 0001:00074DD4       ComObj.DispCallError
 0001:00074608       ComObj.EOleException.Create
 0001:00074534       ComObj.EOleSysError.Create
 0001:00075100       ComObj.Finalization
 0001:00074C40       ComObj.GetIDsOfNames
 0001:00075084       ComObj.InitComObj
 0001:000746CC       ComObj.LoadComExProcs
 0004:00004CE4       ComObj.NeedToUninitialize
 0001:000746BC       ComObj.OleCheck
 0001:000746A0       ComObj.OleError
 0004:00004CD8       ComObj.OleUninitializing
 0001:00074D20       ComObj.RaiseException
 0001:00074C0C       ComObj.RaiseNameException
 0001:000747D0       ComObj.SafeCallError
 0004:00004CE0       ComObj.SaveInitProc
 0003:000018A8       ComObj.ThreadStrs
 0001:000744E4       ComObj.TrimPunctuation
 0001:00074D38       ComObj.VarDispInvoke
 0001:0008166C       ConfigManager..TConfigMgr
 0004:00004D6C       ConfigManager.g_pConfig
 0001:000816E0       ConfigManager.TConfigMgr.Create
 0001:00081864       ConfigManager.TConfigMgr.Destroy
 0001:000819C0       ConfigManager.TConfigMgr.LoadConfig
 0001:0008196C       ConfigManager.TConfigMgr.ReadBool
 0001:00081920       ConfigManager.TConfigMgr.ReadInteger
 0001:00081894       ConfigManager.TConfigMgr.ReadString
 0001:00081FB8       ConfigManager.TConfigMgr.SaveConfig
 0001:0001EC40       Contnrs..TOrderedList
 0001:0001ECA8       Contnrs..TStack
 0001:0001ED20       Contnrs.TOrderedList.Create
 0001:0001ED64       Contnrs.TOrderedList.Destroy
 0001:0001ED94       Contnrs.TOrderedList.PeekItem
 0001:0001ED08       Contnrs.TOrderedList.Pop
 0001:0001EDA8       Contnrs.TOrderedList.PopItem
 0001:0001ED10       Contnrs.TOrderedList.Push
 0001:0001EDC8       Contnrs.TStack.PushItem
 0004:00004C1C       Controls..33
 0001:000420AC       Controls..TBaseDragControlObject
 0001:00043438       Controls..TControl
 0001:0004257C       Controls..TControlActionLink
 0001:000423F4       Controls..TControlCanvas
 0001:00044200       Controls..TCustomControl
 0001:00042494       Controls..TCustomControlAction
 0001:00044A2C       Controls..TCustomListControl
 0001:00044BBC       Controls..TCustomMultiSelectListControl
 0001:00044934       Controls..TDockTree
 0001:000447E8       Controls..TDockZone
 0001:00042170       Controls..TDragControlObject
 0001:000421FC       Controls..TDragControlObjectEx
 0001:0004228C       Controls..TDragDockObject
 0001:00042354       Controls..TDragDockObjectEx
 0001:000444FC       Controls..TDragImageList
 0001:00042008       Controls..TDragObject
 0001:000440DC       Controls..TGraphicControl
 0001:0004436C       Controls..THintWindow
 0001:000445C8       Controls..TImageList
 0001:000429CC       Controls..TMargins
 0001:000449D8       Controls..TMouse
 0001:00042AE4       Controls..TPadding
 0001:00045278       Controls..TSiteList
 0001:00042880       Controls..TSizeConstraints
 0001:00043CCC       Controls..TWinControl
 0001:000438A8       Controls..TWinControlActionLink
 0001:000458E8       Controls.AbsMin
 0004:00004C50       Controls.ActiveDrag
 0001:0004BDBC       Controls.AlignWork
 0003:000015F8       Controls.AnchorAlign
 0003:000015EC       Controls.AnimateWindowProc
 0003:000016F4       Controls.AnimationStyle
 0001:00048868       Controls.BackgroundClipped
 0001:00055388       Controls.CalcSplitterPos
 0001:0004698C       Controls.CancelDrag
 0004:00004C64       Controls.CanvasList
 0003:000016B0       Controls.CaptureControl
 0001:00044D68       Controls.ChangeBiDiModeAlignment
 0001:000465F4       Controls.CheckUndock
 0001:000521CC       Controls.ClientToWindow
 0004:00004C22       Controls.ControlAtom
 0004:00004C28       Controls.ControlAtomString
 0002:000005E0       Controls.Controls
 0003:000015F0       Controls.CreationControl
 0003:000016EC       Controls.Ctl3DStyles
 0003:00001600       Controls.Cursors
 0001:00045110       Controls.CursorToIdent
 0003:000015F4       Controls.DefaultDockTreeClass
 0001:0004CD48       Controls.DestroyChildWindow
 0001:0004BC30       Controls.DoAlign
 0001:00050AEC       Controls.DoCalcConstraints
 0004:00004C58       Controls.DockSiteList
 0001:0004DB2C       Controls.DoControlMsg
 0001:00045EFC       Controls.DoDragOver
 0001:00052E90       Controls.DoFindControlZone
 0001:000535B8       Controls.DoFindZone
 0001:00052F14       Controls.DoForEach
 0001:00054B5C       Controls.DoGetNextLimit
 0001:00055B94       Controls.DoneControls
 0001:0004BBE8       Controls.DoPosition
 0001:0005406C       Controls.DoPrune
 0001:00054580       Controls.DoSaveZone
 0001:00054844       Controls.DoSetNewBounds
 0001:0004C9F4       Controls.DoWriteDesignSize
 0001:00049BE8       Controls.DoWriteExplicit
 0001:00049BB4       Controls.DoWriteIsControl
 0004:00004C3C       Controls.DragCapture
 0004:00004C30       Controls.DragControl
 0001:00046668       Controls.DragDone
 0001:00045EAC       Controls.DragFindTarget
 0001:00045E80       Controls.DragFindWindow
 0004:00004C54       Controls.DragImageList
 0001:000462C0       Controls.DragInit
 0001:00046430       Controls.DragInitControl
 0004:00004C38       Controls.DragInternalObject
 0001:00045DC8       Controls.DragMessage
 0004:00004C34       Controls.DragObject
 0004:00004C60       Controls.DragSave
 0004:00004C48       Controls.DragSaveCursor
 0004:00004C40       Controls.DragStartPos
 0004:00004C4C       Controls.DragThreshold
 0001:00045FD8       Controls.DragTo
 0001:00053AF0       Controls.DrawCloseButton
 0001:00053B84       Controls.DrawGrabberLine
 0001:00053C0C       Controls.DrawThemedGrabber
 0001:0004DFD8       Controls.DrawThemeEdge
 0003:000016DC       Controls.EdgeStyles
 0001:000561D0       Controls.Finalization
 0001:00044EC0       Controls.FindControl
 0001:000469D8       Controls.FindDragTarget
 0001:000469A4       Controls.FindVCLWindow
 0001:00046A9C       Controls.FreeDeviceContext
 0001:00046B58       Controls.FreeDeviceContexts
 0001:0004520C       Controls.GetCaptureControl
 0001:0004BA58       Controls.GetClientSize
 0001:0004D174       Controls.GetControlAtPos
 0001:00054C3C       Controls.GetDockAlign
 0001:00045C18       Controls.GetDockSiteAtPos
 0001:00045F38       Controls.GetDropCtl
 0001:00052BC0       Controls.GetLastChildZone
 0001:00045174       Controls.GetLongHint
 0001:00045130       Controls.GetShortHint
 0001:00045318       Controls.GetTopParent
 0001:00054CB8       Controls.HideZone
 0001:00045120       Controls.IdentToCursor
 0003:0000171C       Controls.IMM32DLL
 0001:00055B80       Controls.Imm32IsIME
 0001:00055C1C       Controls.InitControls
 0001:00055824       Controls.InitIMM32
 0001:00044D7C       Controls.InitWndProc
 0003:000016BC       Controls.InnerStyles
 0001:0004BAB8       Controls.InsertBefore
 0001:000459CC       Controls.IsBeforeTargetWindow
 0001:00045E20       Controls.IsDelphiHandle
 0001:000525F4       Controls.IsOrientationSet
 0001:00045BD4       Controls.IsSiteChildOfClient
 0001:00044F1C       Controls.IsVCLControl
 0004:00004C10       Controls.IsVCLControlHook
 0001:00046A24       Controls.ListAdd
 0001:00046A4C       Controls.ListRemove
 0003:00001708       Controls.MakeLast
 0001:0004ACF0       Controls.MinVar
 0003:00001720       Controls.ModeMap
 0004:00004C0C       Controls.Mouse
 0001:00046A6C       Controls.MoveWindowOrg
 0004:00004C18       Controls.NewStyleControls
 0001:000525D8       Controls.NextVisibleZone
 0001:00044E8C       Controls.ObjectFromHWnd
 0003:00001700       Controls.OrientArray
 0003:000016CC       Controls.OuterStyles
 0001:000529E8       Controls.ParentNotLast
 0001:000451B8       Controls.PerformEraseBackground
 0001:0004C9E0       Controls.PointsEqual
 0004:00004C5C       Controls.QualifyingSites
 0001:00053754       Controls.ReadControlName
 0001:00045D6C       Controls.RegisterDockSite
 0004:00004C2C       Controls.RM_GetObjectInstance
 0001:00044F4C       Controls.SendAppMessage
 0001:00045234       Controls.SetCaptureControl
 0001:00055AA8       Controls.SetImeMode
 0001:0004A670       Controls.SetParentColor
 0003:000016B4       Controls.ShowFlags
 0001:00054D38       Controls.ShowZone
 0003:00001714       Controls.SizeCursors
 0001:000456E8       Controls.TBaseDragControlObject.Assign
 0001:000456C4       Controls.TBaseDragControlObject.Create
 0001:00045714       Controls.TBaseDragControlObject.EndDrag
 0001:00045738       Controls.TBaseDragControlObject.Finished
 0001:0004AA20       Controls.TControl.ActionChange
 0001:0004AE10       Controls.TControl.AdjustSize
 0001:0004AC44       Controls.TControl.AssignTo
[...]
 0003:000015D4       Menus.CurrentKeyboardLayout
 0003:000015D8       Menus.IsAltGRKeyLayout
 0003:000015DC       Menus.Flags
 0003:000015E8       Menus.Buttons
 0003:000015EC       Controls.AnimateWindowProc
 0003:000015F0       Controls.CreationControl
 0003:000015F4       Controls.DefaultDockTreeClass
 0003:000015F8       Controls.AnchorAlign
 0003:00001600       Controls.Cursors
 0003:000016B0       Controls.CaptureControl
 0003:000016B4       Controls.ShowFlags
 0003:000016B8       Controls.WindowPos
 0003:000016BC       Controls.InnerStyles
 0003:000016CC       Controls.OuterStyles
 0003:000016DC       Controls.EdgeStyles
 0003:000016EC       Controls.Ctl3DStyles
 0003:000016F4       Controls.AnimationStyle
 0003:00001700       Controls.OrientArray
 0003:00001708       Controls.MakeLast
 0003:00001710       Controls.TreeStreamEndFlag
 0003:00001714       Controls.SizeCursors
 0003:0000171C       Controls.IMM32DLL
 0003:00001720       Controls.ModeMap
 0003:00001728       ImgList.DrawingStyles
 0003:00001738       ImgList.Images
 0003:00001740       ImgList.Mask
 0003:00001748       Forms.HintWindowClass
 0003:0000174C       Forms.SetLayeredWindowAttributes
 0003:00001750       Forms.FocusMessages
 0003:00001754       Forms.FocusCount
 0003:00001758       Forms.EnumAllWinOnActivateHintFlag
 0003:0000175C       Forms.TaskActiveWindow
 0003:00001760       Forms.TaskFirstWindow
 0003:00001764       Forms.TaskFirstTopMost
 0003:00001768       Forms.DisablingWindows
 0003:0000176C       Forms.TaskWindowList
 0003:00001770       Forms.SysConsts
 0003:00001778       Forms.SysConsts
 0003:00001780       Forms.Props
 0003:000017A8       Forms.Styles
 0003:000017B4       Forms.HWND_STYLE
 0003:000017BC       Forms.ShowCommands
 0003:000017C8       Forms.ShowCommands
 0003:000017D4       Forms.ShowCommands
 0003:000017E0       Forms.cUseAlpha
 0003:000017E8       Forms.cUseColorKey
 0003:000017F0       Forms.CursorMap
 0003:00001844       Forms.WindowClass
 0003:0000186C       Forms.AppVisible
 0003:00001870       Forms.ShowFlags
 0003:00001874       MaskUtils.DefaultBlank
 0003:00001878       MaskUtils.MaskFieldSeparator
 0003:0000187C       MaskUtils.MaskNoSave
 0003:00001880       Mask.ArrowKey
 0003:00001884       Grids.SPAIndexMask
 0003:00001888       Grids.SPASecShift
 0003:0000188C       ComObj.CoCreateInstanceEx
 0003:00001890       ComObj.CoInitializeEx
 0003:00001894       ComObj.CoAddRefServerProcess
 0003:00001898       ComObj.CoReleaseServerProcess
 0003:0000189C       ComObj.CoResumeClassObjects
 0003:000018A0       ComObj.CoSuspendClassObjects
 0003:000018A4       ComObj.CoInitFlags
 0003:000018A8       ComObj.ThreadStrs
 0003:000018BC       Buttons.BitBtnCaptions
 0003:000018E8       Buttons.GlyphCache
 0003:000018EC       Buttons.ButtonCount
 0003:000018F0       Buttons.DownStyles
 0003:000018F8       Buttons.FillStyles
 0003:00001900       Buttons.NewState
 0003:00001904       ExtDlgs.DefaultEncodingNames
 0003:0000191C       Mapi.MAPIDLL
 0003:00001920       Mapi.MAPIModule
 0003:00001924       ComCtrls.RTFConversionFormat
 0003:00001930       ComCtrls.TextConversionFormat
 0003:0000193C       ComCtrls.RTL
 0003:00001944       ComCtrls.RTL
 0003:0000194C       ComCtrls.RTL
 0003:00001954       ComCtrls.AlignStyles
 0003:00001974       ComCtrls.TabStyles
 0003:00001980       ComCtrls.RRStyles
 0003:00001988       ComCtrls.GripStyles
 0003:00001990       ComCtrls.RTLReading
 0003:00001998       ComCtrls.OrientationStyle
 0003:000019A0       ComCtrls.TickStyles
 0003:000019B8       ComCtrls.ATickMarks
 0003:000019C4       ComCtrls.APositionToolTip
 0003:000019D8       SHSocket.WSAID_ACCEPTEX
 0003:000019E8       SHSocket.WSAID_GETACCEPTEXSOCKADDRS
 0003:000019F8       Protocol.g_fCanClose
 0003:000019FC       Protocol.g_fServiceStarted
 0003:00001A00       HUtil32.ColorNames
 0003:00001A80       HUtil32.LiMarkerNames
 0003:00001A98       HUtil32.PreDefineNames
 0003:00001AB0       EDcode.g_SavedPubKey
 0003:00001AB4       EDcode.g_EndeKey
 0003:00001AB8       EDcode.Masks
 0003:00001AC0       FuncForComm.g_ProcMsgThread
 0003:00001AC4       ClientSession.g_pFillUserObj
 0004:00000000       System.DispCallByIDProc
 0004:00000004       System.ExceptProc
 0004:00000008       System.ErrorProc
 0004:0000000C       System.ExceptClsProc
 0004:00000010       System.ExceptObjProc
 0004:00000014       System.RaiseExceptionProc
 0004:00000018       System.RTLUnwindProc
 0004:0000001C       System.ExceptionClass
 0004:00000020       System.SafeCallErrorProc
 0004:00000024       System.AssertErrorProc
 0004:00000028       System.ExitProcessProc
 0004:0000002C       System.AbstractErrorProc
 0004:00000030       System.MainInstance
 0004:00000034       System.MainThreadID
 0004:00000038       System.IsLibrary
 0004:0000003C       System.CmdShow
 0004:00000040       System.CmdLine
 0004:00000044       System.InitProc
 0004:00000048       System.ExitProc
 0004:0000004C       System.IsConsole
 0004:0000004D       System.IsMultiThread
 0004:0000004E       System.Test8086
 0004:00000050       System.Input
 0004:0000021C       System.Output
 0004:000003E8       System.ErrOutput
 0004:000005B4       System.ReportMemoryLeaksOnShutdown
 0004:000005B5       System.NeverSleepOnMMThreadContention
 0004:000005B8       System..6
 0004:000005BC       System.DefaultSystemCodePage
 0004:000005C0       System.AllocSize2SmallBlockTypeIndX4
 0004:00000706       System.MinimumBlockAlignment
 0004:00000708       System.MediumBlockPoolsCircularList
 0004:00000718       System.MediumBlocksLocked
 0004:0000071C       System.LastSequentiallyFedMediumBlock
 0004:00000720       System.MediumSequentialFeedBytesLeft
 0004:00000724       System.MediumBlockBinGroupBitmap
 0004:00000728       System.MediumBlockBinBitmaps
 0004:000007A8       System.MediumBlockBins
 0004:000027A8       System.LargeBlocksLocked
 0004:000027AC       System.LargeBlocksCircularList
 0004:000027BC       System.ExpectedMemoryLeaks
 0004:000027C0       System.ExpectedMemoryLeaksListLocked
 0004:000027C4       System.MMSharingWindow
 0004:000027C8       System.InitContext
 0004:000027F4       SysInit.ModuleIsLib
 0004:000027F5       SysInit.ModuleIsCpp
 0004:000027F8       SysInit.HInstance
 0004:000027FC       SysInit.tlsBuffer
 0004:00002800       Windows..3
 0004:00002804       Windows.HtmlHelpModule
 0004:00002808       SysUtils.CurrencyString
 0004:0000280C       SysUtils.CurrencyFormat
 0004:0000280D       SysUtils.NegCurrFormat
 0004:0000280E       SysUtils.ThousandSeparator
 0004:0000280F       SysUtils.DecimalSeparator
 0004:00002810       SysUtils.CurrencyDecimals
 0004:00002811       SysUtils.DateSeparator
 0004:00002814       SysUtils.ShortDateFormat
 0004:00002818       SysUtils.LongDateFormat
 0004:0000281C       SysUtils.TimeSeparator
 0004:00002820       SysUtils.TimeAMString
 0004:00002824       SysUtils.TimePMString
 0004:00002828       SysUtils.ShortTimeFormat
 0004:0000282C       SysUtils.LongTimeFormat
 0004:00002830       SysUtils.ShortMonthNames
 0004:00002860       SysUtils.LongMonthNames
 0004:00002890       SysUtils.ShortDayNames
 0004:000028AC       SysUtils.LongDayNames
 0004:000028C8       SysUtils.SysLocale
 0004:000028D6       SysUtils.ListSeparator
 0004:000028D8       SysUtils.EraNames
 0004:000028F4       SysUtils.EraYearOffsets
 0004:00002910       SysUtils.TrueBoolStrs
 0004:00002914       SysUtils.FalseBoolStrs
 0004:00002918       SysUtils..35
 0004:0000291C       SysUtils.OutOfMemory
 0004:00002920       SysUtils.InvalidPointer
 0004:00002924       SysUtils.ValidatedUnitHashBuckets
 0004:00003918       SysUtils.UnitHashBuckets
 0004:0000490C       SysUtils.FLanguages
 0004:00004910       VarUtils.VariantChangeTypeEx
 0004:00004914       VarUtils.VarNeg
 0004:00004918       VarUtils.VarNot
 0004:0000491C       VarUtils.VarAdd
 0004:00004920       VarUtils.VarSub
 0004:00004924       VarUtils.VarMul
 0004:00004928       VarUtils.VarDiv
 0004:0000492C       VarUtils.VarIDiv
 0004:00004930       VarUtils.VarMod
 0004:00004934       VarUtils.VarAnd
 0004:00004938       VarUtils.VarOr
 0004:0000493C       VarUtils.VarXor
 0004:00004940       VarUtils.VarCmp
 0004:00004944       VarUtils.VarI4FromStr
 0004:00004948       VarUtils.VarR4FromStr
 0004:0000494C       VarUtils.VarR8FromStr
 0004:00004950       VarUtils.VarDateFromStr
 0004:00004954       VarUtils.VarCyFromStr
 0004:00004958       VarUtils.VarBoolFromStr
 0004:0000495C       VarUtils.VarBstrFromCy
 0004:00004960       VarUtils.VarBstrFromDate
 0004:00004964       VarUtils.VarBstrFromBool
 0004:00004968       VarUtils..5
 0004:0000496C       Variants.EmptyParam
 0004:0000497C       Variants.VarDispProc
 0004:00004980       Variants.ClearAnyProc
 0004:00004984       Variants.ChangeAnyProc
 0004:00004988       Variants.RefAnyProc
 0004:0000498C       Variants..81
 0004:00004990       Variants.LVarTypes
 0004:00004994       Variants.LVarTypeSync
 0004:000049AC       TypInfo..6
 0004:000049B0       Classes.GlobalNameSpace
 0004:000049B4       Classes.IsUniqueGlobalComponentNameProc
 0004:000049B8       Classes.SyncEvent
 0004:000049BC       Classes..95
 0004:000049C0       Classes.IntConstList
 0004:000049C4       Classes.RegGroups
 0004:000049C8       Classes.FindGlobalComponentProcs
 0004:000049CC       Classes.GlobalFixupList
 0004:000049D0       Classes.ThreadLock
 0004:000049E8       Classes.InstBlockList
 0004:000049EC       Classes.InstFreeList
 0004:000049F0       HelpIntfs..2
 0004:000049F4       HelpIntfs.HelpManager
 0004:000049F8       MultiMon.GetSystemMetrics
 0004:000049FC       MultiMon.MonitorFromWindow
 0004:00004A00       MultiMon.MonitorFromRect
 0004:00004A04       MultiMon.MonitorFromPoint
 0004:00004A08       MultiMon.GetMonitorInfo
 0004:00004A0C       MultiMon.GetMonitorInfoA
 0004:00004A10       MultiMon.GetMonitorInfoW
 0004:00004A14       MultiMon.EnumDisplayMonitors
 0004:00004A18       MultiMon..1
 0004:00004A1C       MultiMon.User32Dll
 0004:00004A20       MultiMon.InitApis
 0004:00004A28       MultiMon.MMAvailable
 0004:00004A2C       CommCtrl.ComCtl32DLL
 0004:00004A30       CommCtrl._InitCommonControlsEx
 0004:00004A34       IniFiles..8
 0004:00004A38       Registry..5
 0004:00004A3C       Graphics.SystemPalette16
 0004:00004A40       Graphics..12
 0004:00004A44       Graphics.ScreenLogPixels
 0004:00004A48       Graphics.StockPen
 0004:00004A4C       Graphics.StockBrush
 0004:00004A50       Graphics.StockFont
 0004:00004A54       Graphics.StockIcon
 0004:00004A58       Graphics.BitmapImageLock
 0004:00004A70       Graphics.CounterLock
 0004:00004A88       Graphics.FontManager
 0004:00004A8C       Graphics.PenManager
 0004:00004A90       Graphics.BrushManager
 0004:00004A94       Graphics.CanvasList
 0004:00004A98       Graphics.PatternManager
 0004:00004A9C       UxTheme.OpenThemeData
 0004:00004AA0       UxTheme.CloseThemeData
 0004:00004AA4       UxTheme.DrawThemeBackground
 0004:00004AA8       UxTheme.DrawThemeText
 0004:00004AAC       UxTheme.GetThemeBackgroundContentRect
 0004:00004AB0       UxTheme.GetThemeBackgroundExtent
 0004:00004AB4       UxTheme.GetThemePartSize
 0004:00004AB8       UxTheme.GetThemeTextExtent
 0004:00004ABC       UxTheme.GetThemeTextMetrics
 0004:00004AC0       UxTheme.GetThemeBackgroundRegion
 0004:00004AC4       UxTheme.HitTestThemeBackground
 0004:00004AC8       UxTheme.DrawThemeEdge
 0004:00004ACC       UxTheme.DrawThemeIcon
 0004:00004AD0       UxTheme.IsThemePartDefined
 0004:00004AD4       UxTheme.IsThemeBackgroundPartiallyTransparent
 0004:00004AD8       UxTheme.GetThemeColor
 0004:00004ADC       UxTheme.GetThemeMetric
 0004:00004AE0       UxTheme.GetThemeString
 0004:00004AE4       UxTheme.GetThemeBool
 0004:00004AE8       UxTheme.GetThemeInt
 0004:00004AEC       UxTheme.GetThemeEnumValue
 0004:00004AF0       UxTheme.GetThemePosition
 0004:00004AF4       UxTheme.GetThemeFont
 0004:00004AF8       UxTheme.GetThemeRect
 0004:00004AFC       UxTheme.GetThemeMargins
 0004:00004B00       UxTheme.GetThemeIntList
 0004:00004B04       UxTheme.GetThemePropertyOrigin
 0004:00004B08       UxTheme.SetWindowTheme
 0004:00004B0C       UxTheme.GetThemeFilename
 0004:00004B10       UxTheme.GetThemeSysColor
 0004:00004B14       UxTheme.GetThemeSysColorBrush
 0004:00004B18       UxTheme.GetThemeSysBool
 0004:00004B1C       UxTheme.GetThemeSysSize
 0004:00004B20       UxTheme.GetThemeSysFont
 0004:00004B24       UxTheme.GetThemeSysString
 0004:00004B28       UxTheme.GetThemeSysInt
 0004:00004B2C       UxTheme.IsThemeActive
 0004:00004B30       UxTheme.IsAppThemed
 0004:00004B34       UxTheme.GetWindowTheme
 0004:00004B38       UxTheme.EnableThemeDialogTexture
 0004:00004B3C       UxTheme.IsThemeDialogTextureEnabled
 0004:00004B40       UxTheme.GetThemeAppProperties
 0004:00004B44       UxTheme.SetThemeAppProperties
 0004:00004B48       UxTheme.GetCurrentThemeName
 0004:00004B4C       UxTheme.GetThemeDocumentationProperty
 0004:00004B50       UxTheme.DrawThemeParentBackground
 0004:00004B54       UxTheme.EnableTheming
 0004:00004B58       UxTheme..1
 0004:00004B5C       UxTheme.ThemeLibrary
 0004:00004B60       UxTheme.ReferenceCount
 0004:00004B64       UxTheme.Lock
 0004:00004B68       UxTheme._DrawThemeTextEx
 0004:00004B6C       UxTheme._BeginBufferedPaint
 0004:00004B70       UxTheme._EndBufferedPaint
 0004:00004B74       UxTheme._BufferedPaintSetAlpha
 0004:00004B78       DwmApi..1
 0004:00004B7C       DwmApi.hDWMAPI
 0004:00004B80       DwmApi._DwmExtendFrameIntoClientArea
 0004:00004B84       DwmApi._DwmIsCompositionEnabled
 0004:00004B88       Printers..3
 0004:00004B8C       GraphUtil..2
 0004:00004B90       GraphUtil.MsImgHandle
 0004:00004B94       GraphUtil.MsImgInitialized
 0004:00004B98       GraphUtil.GradientFillFunc
 0004:00004B9C       ExtCtrls.TCustomTrayIcon.RM_TaskbarCreated
 0004:00004BA0       ExtCtrls..83
 0004:00004BA4       Dialogs..03
 0004:00004BA8       Dialogs.HelpMsg
 0004:00004BAC       Dialogs.FindMsg
 0004:00004BB0       Clipbrd.CF_PICTURE
 0004:00004BB2       Clipbrd.CF_COMPONENT
 0004:00004BB4       Clipbrd..2
 0004:00004BB8       Clipbrd.FClipboard
 0004:00004BBC       FlatSB.FlatSB_EnableScrollBar
 0004:00004BC0       FlatSB.FlatSB_ShowScrollBar
 0004:00004BC4       FlatSB.FlatSB_GetScrollRange
 0004:00004BC8       FlatSB.FlatSB_GetScrollInfo
 0004:00004BCC       FlatSB.FlatSB_GetScrollPos
 0004:00004BD0       FlatSB.FlatSB_SetScrollPos
 0004:00004BD4       FlatSB.FlatSB_SetScrollInfo
 0004:00004BD8       FlatSB.FlatSB_SetScrollRange
 0004:00004BDC       FlatSB..1
 0004:00004BE0       FlatSB._FlatSB_GetScrollProp
 0004:00004BE4       FlatSB._FlatSB_SetScrollProp
 0004:00004BE8       FlatSB._InitializeFlatSB
 0004:00004BEC       FlatSB._UninitializeFlatSB
 0004:00004BF0       Themes..2
 0004:00004BF4       Themes.InternalServices
 0004:00004BF8       Themes.RM_UnthemedDesigner
 0004:00004BFC       Menus.PopupList
 0004:00004C00       Menus.ShortCutItems
 0004:00004C04       Menus..01
 0004:00004C08       Menus.CommandPool
 0004:00004C0C       Controls.Mouse
 0004:00004C10       Controls.IsVCLControlHook
 0004:00004C18       Controls.NewStyleControls
 0004:00004C1C       Controls..33
 0004:00004C20       Controls.WindowAtom
 0004:00004C22       Controls.ControlAtom
 0004:00004C24       Controls.WindowAtomString
 0004:00004C28       Controls.ControlAtomString
 0004:00004C2C       Controls.RM_GetObjectInstance
 0004:00004C30       Controls.DragControl
 0004:00004C34       Controls.DragObject
 0004:00004C38       Controls.DragInternalObject
 0004:00004C3C       Controls.DragCapture
 0004:00004C40       Controls.DragStartPos
 0004:00004C48       Controls.DragSaveCursor
 0004:00004C4C       Controls.DragThreshold
 0004:00004C50       Controls.ActiveDrag
 0004:00004C54       Controls.DragImageList
 0004:00004C58       Controls.DockSiteList
 0004:00004C5C       Controls.QualifyingSites
 0004:00004C60       Controls.DragSave
 0004:00004C64       Controls.CanvasList
 0004:00004C68       Controls._WINNLSEnableIME
 0004:00004C6C       Controls._ImmGetContext
 0004:00004C70       Controls._ImmReleaseContext
 0004:00004C74       Controls._ImmGetConversionStatus
 0004:00004C78       Controls._ImmSetConversionStatus
 0004:00004C7C       Controls._ImmSetOpenStatus
 0004:00004C80       Controls._ImmSetCompositionWindow
 0004:00004C84       Controls._ImmSetCompositionFont
 0004:00004C88       Controls._ImmGetCompositionString
 0004:00004C8C       Controls._ImmIsIME
 0004:00004C90       Controls._ImmNotifyIME
 0004:00004C94       ImgList.CachedComCtrlVer
 0004:00004C98       ImgList.ImageListWriteExProc
 0004:00004C9C       ActnList..9
 0004:00004CA0       Forms.Application
 0004:00004CA4       Forms.Screen
 0004:00004CA8       Forms..51
 0004:00004CAC       Forms.RM_TaskbarCreated
 0004:00004CB0       Forms.AppIconic
 0004:00004CB4       Forms.HintThreadID
 0004:00004CB8       Forms.HintDoneEvent
 0004:00004CBC       Forms.HintHook
 0004:00004CC0       Forms.HintThread
 0004:00004CC4       Forms.OwnedAppWnds
 0004:00004CC8       Forms.LastActive
 0004:00004CCC       Forms.IdleTimerHandle
 0004:00004CD0       Forms.AppMainFormOnTaskBar
 0004:00004CD4       ComObj..41
 0004:00004CD8       ComObj.OleUninitializing
 0004:00004CDC       ComObj.ComClassManagerVar
 0004:00004CE0       ComObj.SaveInitProc
 0004:00004CE4       ComObj.NeedToUninitialize
 0004:00004CE8       Buttons..5
 0004:00004CEC       Buttons.BitBtnGlyphs
 0004:00004D18       ExtDlgs..6
 0004:00004D1C       Mapi..1
 0004:00004D20       ExtActns..72
 0004:00004D24       ExtActns.UrlMonHandle
 0004:00004D28       ExtActns.UrlMonInitialized
 0004:00004D2C       ComCtrls..76
 0004:00004D30       ComCtrls.ShellModule
 0004:00004D34       ComCtrls.FRichEditModule
 0004:00004D38       SHSocket..1
 0004:00004D3C       Protocol.g_hMainWnd
 0004:00004D40       Protocol.g_hGameCenterHandle
 0004:00004D44       HUtil32..4
 0004:00004D48       EDcode.CSEncode
 0004:00004D60       EDcode..1
 0004:00004D64       EDcode.EncBuf
 0004:00004D68       EDcode.TempBuf
 0004:00004D6C       ConfigManager.g_pConfig
 0004:00004D70       IPAddrFilter.g_ConnectOfIPLock
 0004:00004D88       IPAddrFilter.g_NewIDOfIPLock
 0004:00004DA0       IPAddrFilter.CS_CharNameFilter
 0004:00004DB8       IPAddrFilter.g_ConnectOfIPList
 0004:00004DBC       IPAddrFilter.g_NewIDOfIPList
 0004:00004DC0       IPAddrFilter.g_BlockIPList
 0004:00004DC4       IPAddrFilter.g_TempBlockIPList
 0004:00004DC8       IPAddrFilter.g_BlockIPAreaList
 0004:00004DCC       IPAddrFilter.FilterCharNameList
 0004:00004DD0       IPAddrFilter..1
 0004:00004DD4       GeneralConfig.frmGeneralConfig
 0004:00004DD8       PacketRuleConfig.frmPacketRule
 0004:00004DDC       AppMain.FormMain
 0004:00004DE0       ClientSession.g_UserList
 0004:00005E40       ClientSession.enterCount
 0004:00005E44       ClientSession.gDeny
 0004:00005E48       ClientSession..2
 0004:00005E4C       LogManager.g_pLogMgr
 0005:00000000       System.RaiseListPtr
 0005:00000004       System.InOutRes
 0005:00000008       Classes.GlobalLoaded
 0005:0000000C       Classes.GlobalLists
 0005:00000010       GraphUtil.CachedHighlightLum
 0005:00000014       GraphUtil.CachedHighlightColor
 0005:00000018       GraphUtil.CachedHighlight
 0005:0000001C       GraphUtil.CachedShadowLum
 0005:00000020       GraphUtil.CachedShadowColor
 0005:00000024       GraphUtil.CachedShadow
 0005:00000028       GraphUtil.CachedColorValue
 0005:0000002C       GraphUtil.CachedLumValue
 0005:00000030       GraphUtil.CachedColorAdjustLuma
 0005:00000034       SysInit.TlsLast


Bound resource files

c:\program files (x86)\codegear\rad studio\5.0\lib\Controls.res
c:\program files (x86)\codegear\rad studio\5.0\lib\Buttons.res
c:\program files (x86)\codegear\rad studio\5.0\lib\ExtDlgs.res
c:\program files (x86)\codegear\rad studio\5.0\lib\SPIN.RES
GeneralConfig.dfm
PacketRuleConfig.dfm
AppMain.dfm
SelGate.res
SelGate.drf


Program entry point at 0002:000008B8
